###############################################################################
#
# IAR ELF Linker V7.70.1.11437/W32 for ARM                21/Jul/2016  20:51:07
# Copyright 2007-2016 IAR Systems AB.
#
#    Output file  =  
#        E:\GitProj\IAR\IAR\WirelessPower\landzoK60OLED\build\fire_demo\Debug\Exe\fire_gpio_demo.out
#    Map file     =  
#        E:\GitProj\IAR\IAR\WirelessPower\landzoK60OLED\build\fire_demo\Debug\List\fire_gpio_demo.map
#    Command line =  
#        E:\GitProj\IAR\IAR\WirelessPower\landzoK60OLED\build\fire_demo\Debug\Obj\adc.o
#        E:\GitProj\IAR\IAR\WirelessPower\landzoK60OLED\build\fire_demo\Debug\Obj\alloc.o
#        E:\GitProj\IAR\IAR\WirelessPower\landzoK60OLED\build\fire_demo\Debug\Obj\arm_cm4.o
#        E:\GitProj\IAR\IAR\WirelessPower\landzoK60OLED\build\fire_demo\Debug\Obj\assert.o
#        E:\GitProj\IAR\IAR\WirelessPower\landzoK60OLED\build\fire_demo\Debug\Obj\AT24C02.o
#        E:\GitProj\IAR\IAR\WirelessPower\landzoK60OLED\build\fire_demo\Debug\Obj\crt0.o
#        E:\GitProj\IAR\IAR\WirelessPower\landzoK60OLED\build\fire_demo\Debug\Obj\dac.o
#        E:\GitProj\IAR\IAR\WirelessPower\landzoK60OLED\build\fire_demo\Debug\Obj\delay.o
#        E:\GitProj\IAR\IAR\WirelessPower\landzoK60OLED\build\fire_demo\Debug\Obj\dma.o
#        E:\GitProj\IAR\IAR\WirelessPower\landzoK60OLED\build\fire_demo\Debug\Obj\exti.o
#        E:\GitProj\IAR\IAR\WirelessPower\landzoK60OLED\build\fire_demo\Debug\Obj\FTM.o
#        E:\GitProj\IAR\IAR\WirelessPower\landzoK60OLED\build\fire_demo\Debug\Obj\gpio.o
#        E:\GitProj\IAR\IAR\WirelessPower\landzoK60OLED\build\fire_demo\Debug\Obj\i2c.o
#        E:\GitProj\IAR\IAR\WirelessPower\landzoK60OLED\build\fire_demo\Debug\Obj\io.o
#        E:\GitProj\IAR\IAR\WirelessPower\landzoK60OLED\build\fire_demo\Debug\Obj\isr.o
#        E:\GitProj\IAR\IAR\WirelessPower\landzoK60OLED\build\fire_demo\Debug\Obj\key.o
#        E:\GitProj\IAR\IAR\WirelessPower\landzoK60OLED\build\fire_demo\Debug\Obj\lptmr.o
#        E:\GitProj\IAR\IAR\WirelessPower\landzoK60OLED\build\fire_demo\Debug\Obj\main.o
#        E:\GitProj\IAR\IAR\WirelessPower\landzoK60OLED\build\fire_demo\Debug\Obj\mcg.o
#        E:\GitProj\IAR\IAR\WirelessPower\landzoK60OLED\build\fire_demo\Debug\Obj\memtest.o
#        E:\GitProj\IAR\IAR\WirelessPower\landzoK60OLED\build\fire_demo\Debug\Obj\OLED.o
#        E:\GitProj\IAR\IAR\WirelessPower\landzoK60OLED\build\fire_demo\Debug\Obj\PIT.o
#        E:\GitProj\IAR\IAR\WirelessPower\landzoK60OLED\build\fire_demo\Debug\Obj\printf.o
#        E:\GitProj\IAR\IAR\WirelessPower\landzoK60OLED\build\fire_demo\Debug\Obj\queue.o
#        E:\GitProj\IAR\IAR\WirelessPower\landzoK60OLED\build\fire_demo\Debug\Obj\start.o
#        E:\GitProj\IAR\IAR\WirelessPower\landzoK60OLED\build\fire_demo\Debug\Obj\startup.o
#        E:\GitProj\IAR\IAR\WirelessPower\landzoK60OLED\build\fire_demo\Debug\Obj\stdlib.o
#        E:\GitProj\IAR\IAR\WirelessPower\landzoK60OLED\build\fire_demo\Debug\Obj\sysinit.o
#        E:\GitProj\IAR\IAR\WirelessPower\landzoK60OLED\build\fire_demo\Debug\Obj\uart.o
#        E:\GitProj\IAR\IAR\WirelessPower\landzoK60OLED\build\fire_demo\Debug\Obj\uif.o
#        E:\GitProj\IAR\IAR\WirelessPower\landzoK60OLED\build\fire_demo\Debug\Obj\vectors.o
#        E:\GitProj\IAR\IAR\WirelessPower\landzoK60OLED\build\fire_demo\Debug\Obj\wdog.o
#        -o
#        E:\GitProj\IAR\IAR\WirelessPower\landzoK60OLED\build\fire_demo\Debug\Exe\fire_gpio_demo.out
#        --map
#        E:\GitProj\IAR\IAR\WirelessPower\landzoK60OLED\build\fire_demo\Debug\List\fire_gpio_demo.map
#        --config
#        "E:\GitProj\IAR\IAR\WirelessPower\landzoK60OLED\build\fire_demo\..\config
#        files\fire_ROM_K60N512.icf" --semihosting --entry __iar_program_start
#        --vfe
#
###############################################################################

*******************************************************************************
*** RUNTIME MODEL ATTRIBUTES
***

CppFlavor       = *
__SystemLibrary = DLib


*******************************************************************************
*** PLACEMENT SUMMARY
***

"A0":  place at 0x00000000 { ro section .intvec };
"A1":  place at 0x00000410 { ro section .noinit };
"P1":  place in [from 0x00000000 to 0x00040000] { ro, block CodeRelocate };
"P2":  place in [from 0x1fff0410 to 0x20010000] {
          rw, block CodeRelocateRam, block CSTACK, block HEAP };
initialize manually with packing = copy, complex ranges { section .data };
initialize manually with packing = copy, complex ranges { section .textrw };

  Section              Kind        Address    Size  Object
  -------              ----        -------    ----  ------
"A0":                                        0x410
  .intvec              const    0x00000000   0x410  vectors.o [1]
                              - 0x00000410   0x410

"A1":                                         0x3c
  .noinit              ro code  0x00000410    0x3c  crt0.o [1]
                              - 0x0000044c    0x3c

"P1":                                       0x3d3c
  .text                ro code  0x0000044c   0x5f8  FTM.o [1]
  .text                ro code  0x00000a44    0x18  assert.o [1]
  .text                ro code  0x00000a5c   0x256  DblDiv.o [4]
  .text                ro code  0x00000cb4    0x4c  DblToI32.o [4]
  .text                ro code  0x00000d00    0x30  I32ToDbl.o [4]
  .text                ro code  0x00000d30   0x1a2  DblMul.o [4]
  .text                ro code  0x00000ed4   0x596  printf.o [1]
  .text                ro code  0x0000146a    0x20  stdlib.o [1]
  .text                ro code  0x0000148c   0x588  isr.o [1]
  .text                ro code  0x00001a14   0x240  uart.o [1]
  .text                ro code  0x00001c54   0x3ae  adc.o [1]
  .text                ro code  0x00002004    0xe8  DblAdd.o [4]
  .text                ro code  0x000020ec   0x164  main.o [1]
  .text                ro code  0x00002250    0x2e  DblCmpGe.o [4]
  .text                ro code  0x00002280    0xec  gpio.o [1]
  .text                ro code  0x0000236c    0x80  arm_cm4.o [1]
  .text                ro code  0x000023ec   0x16c  DblSub.o [4]
  .text                ro code  0x00002558   0x404  key.o [1]
  .text                ro code  0x0000295c   0x384  OLED.o [1]
  .text                ro code  0x00002ce0    0x76  ABImemcpy_unaligned.o [5]
  .text                ro code  0x00002d58    0x4c  lptmr.o [1]
  .text                ro code  0x00002da4   0x520  start.o [1]
  .text                ro code  0x000032c4    0x38  wdog.o [1]
  .text                ro code  0x000032fc    0xc0  startup.o [1]
  .text                ro code  0x000033bc    0x5c  sysinit.o [1]
  Veneer               ro code  0x00003418     0x8  - Linker created -
  .text                ro code  0x00003420   0x2f4  mcg.o [1]
  .rodata              const    0x00003714   0x228  OLED.o [1]
  .data_init                    0x0000393c    0xa4  <Block>
    Initializer bytes  const    0x0000393c    0xa4  <for .data-1>
  CodeRelocate                  0x000039e0    0x50  <Block>
    Initializer bytes  const    0x000039e0    0x50  <for CodeRelocateRam-1>
  .rodata              const    0x00003a30    0x48  assert.o [1]
  .rodata              const    0x00003a78    0x48  FTM.o [1]
  .rodata              const    0x00003ac0    0x48  start.o [1]
  .rodata              const    0x00003b08    0x40  start.o [1]
  .text                ro code  0x00003b48    0x40  zero_init3.o [5]
  .rodata              const    0x00003b88    0x3c  arm_cm4.o [1]
  .rodata              const    0x00003bc4    0x34  gpio.o [1]
  .rodata              const    0x00003bf8    0x30  adc.o [1]
  .rodata              const    0x00003c28    0x30  vectors.o [1]
  .rodata              const    0x00003c58    0x2c  start.o [1]
  .rodata              const    0x00003c84    0x28  start.o [1]
  .rodata              const    0x00003cac    0x28  start.o [1]
  .text                ro code  0x00003cd4    0x28  data_init.o [5]
  .iar.init_table      const    0x00003cfc    0x10  - Linker created -
  .rodata              const    0x00003d0c    0x20  isr.o [1]
  .rodata              const    0x00003d2c    0x20  start.o [1]
  .rodata              const    0x00003d4c    0x20  start.o [1]
  .rodata              const    0x00003d6c    0x20  start.o [1]
  .rodata              const    0x00003d8c    0x20  start.o [1]
  .rodata              const    0x00003dac    0x20  start.o [1]
  .rodata              const    0x00003dcc    0x1c  start.o [1]
  .rodata              const    0x00003de8    0x1c  start.o [1]
  .rodata              const    0x00003e04    0x1c  start.o [1]
  .text                ro code  0x00003e20    0x1a  cmain.o [5]
  .text                ro code  0x00003e3a     0x4  low_level_init.o [3]
  .text                ro code  0x00003e3e     0x4  exit.o [3]
  .text                ro code  0x00003e44     0xa  cexit.o [5]
  .text                ro code  0x00003e50    0x14  exit.o [6]
  .rodata              const    0x00003e64    0x18  start.o [1]
  .rodata              const    0x00003e7c    0x18  start.o [1]
  .rodata              const    0x00003e94    0x18  start.o [1]
  .rodata              const    0x00003eac    0x18  start.o [1]
  .rodata              const    0x00003ec4    0x18  start.o [1]
  .rodata              const    0x00003edc    0x18  start.o [1]
  .rodata              const    0x00003ef4    0x18  start.o [1]
  .rodata              const    0x00003f0c    0x18  start.o [1]
  .text                ro code  0x00003f24    0x18  vectors.o [1]
  .rodata              const    0x00003f3c    0x14  isr.o [1]
  .rodata              const    0x00003f50    0x14  isr.o [1]
  .rodata              const    0x00003f64    0x14  start.o [1]
  .rodata              const    0x00003f78    0x14  start.o [1]
  .rodata              const    0x00003f8c    0x14  start.o [1]
  .rodata              const    0x00003fa0    0x14  start.o [1]
  .rodata              const    0x00003fb4    0x14  start.o [1]
  .rodata              const    0x00003fc8    0x14  start.o [1]
  .rodata              const    0x00003fdc    0x14  start.o [1]
  .rodata              const    0x00003ff0    0x14  start.o [1]
  .rodata              const    0x00004004    0x10  isr.o [1]
  .rodata              const    0x00004014    0x10  start.o [1]
  .rodata              const    0x00004024    0x10  start.o [1]
  .rodata              const    0x00004034    0x10  start.o [1]
  .rodata              const    0x00004044    0x10  start.o [1]
  .rodata              const    0x00004054    0x10  start.o [1]
  .rodata              const    0x00004064    0x10  start.o [1]
  .rodata              const    0x00004074    0x10  start.o [1]
  .rodata              const    0x00004084    0x10  start.o [1]
  .rodata              const    0x00004094    0x10  start.o [1]
  .rodata              const    0x000040a4    0x10  start.o [1]
  .rodata              const    0x000040b4    0x10  start.o [1]
  .rodata              const    0x000040c4    0x10  start.o [1]
  .rodata              const    0x000040d4    0x10  start.o [1]
  .text                ro code  0x000040e4    0x10  io.o [1]
  .rodata              const    0x000040f4     0xc  start.o [1]
  .rodata              const    0x00004100     0xc  start.o [1]
  .rodata              const    0x0000410c     0xc  start.o [1]
  .rodata              const    0x00004118     0xc  start.o [1]
  .text                ro code  0x00004124     0xc  cstartup_M.o [5]
  .rodata              const    0x00004130     0x8  main.o [1]
  .rodata              const    0x00004138     0x8  main.o [1]
  .rodata              const    0x00004140     0x8  main.o [1]
  .rodata              const    0x00004148     0x8  start.o [1]
  .rodata              const    0x00004150     0x8  start.o [1]
  .rodata              const    0x00004158     0x8  start.o [1]
  .rodata              const    0x00004160     0x8  start.o [1]
  .rodata              const    0x00004168     0x8  start.o [1]
  .rodata              const    0x00004170     0x8  start.o [1]
  .rodata              const    0x00004178     0x8  start.o [1]
  .rodata              const    0x00004180     0x8  start.o [1]
  .rodata              const    0x00004188     0x0  zero_init3.o [5]
                              - 0x00004188  0x3d3c

"P2", part 1 of 2:                            0xf4
  .data                         0x1fff0410    0xa4  <Block>
    .data-1                     0x1fff0410    0xa4  <Init block>
      .data            inited   0x1fff0410     0x8  key.o [1]
      .data            inited   0x1fff0418     0x8  key.o [1]
      .data            inited   0x1fff0420     0x8  main.o [1]
      .data            inited   0x1fff0428     0x8  main.o [1]
      .data            inited   0x1fff0430     0x8  main.o [1]
      .data            inited   0x1fff0438     0x8  main.o [1]
      .data            inited   0x1fff0440     0x8  adc.o [1]
      .data            inited   0x1fff0448     0xc  FTM.o [1]
      .data            inited   0x1fff0454    0x14  gpio.o [1]
      .data            inited   0x1fff0468    0x14  gpio.o [1]
      .data            inited   0x1fff047c    0x10  key.o [1]
      .data            inited   0x1fff048c     0x4  main.o [1]
      .data            inited   0x1fff0490     0x4  main.o [1]
      .data            inited   0x1fff0494     0x8  mcg.o [1]
      .data            inited   0x1fff049c    0x18  uart.o [1]
  CodeRelocateRam               0x1fff04b4    0x50  <Block>
    CodeRelocateRam-1           0x1fff04b4    0x50  <Init block>
      .textrw          inited   0x1fff04b4    0x50  mcg.o [1]
                              - 0x1fff0504    0xf4

"P2", part 2 of 2:                            0x78
  .bss                          0x1fff0508    0x78  <Block>
    .bss               zero     0x1fff0508     0x8  isr.o [1]
    .bss               zero     0x1fff0510     0x8  isr.o [1]
    .bss               zero     0x1fff0518     0x8  isr.o [1]
    .bss               zero     0x1fff0520     0x8  isr.o [1]
    .bss               zero     0x1fff0528    0x10  adc.o [1]
    .bss               zero     0x1fff0538     0x4  FTM.o [1]
    .bss               zero     0x1fff053c     0x4  isr.o [1]
    .bss               zero     0x1fff0540     0x4  key.o [1]
    .bss               zero     0x1fff0544     0x4  main.o [1]
    .bss               zero     0x1fff0548     0x4  main.o [1]
    .bss               zero     0x1fff054c     0x4  main.o [1]
    .bss               zero     0x1fff0550     0x4  main.o [1]
    .bss               zero     0x1fff0554     0x4  sysinit.o [1]
    .bss               zero     0x1fff0558     0x4  sysinit.o [1]
    .bss               zero     0x1fff055c     0x4  sysinit.o [1]
    .bss               zero     0x1fff0560     0x2  isr.o [1]
    .bss               zero     0x1fff0562     0x2  isr.o [1]
    .bss               zero     0x1fff0564     0x2  isr.o [1]
    .bss               zero     0x1fff0566     0x2  isr.o [1]
    .bss               zero     0x1fff0568     0x2  isr.o [1]
    .bss               zero     0x1fff056a     0x2  key.o [1]
    .bss               zero     0x1fff056c     0x1  isr.o [1]
    .bss               zero     0x1fff056d     0x1  isr.o [1]
    .bss               zero     0x1fff056e     0x1  isr.o [1]
    .bss               zero     0x1fff056f     0x1  isr.o [1]
    .bss               zero     0x1fff0570     0x1  isr.o [1]
    .bss               zero     0x1fff0571     0x1  isr.o [1]
    .bss               zero     0x1fff0572     0x1  isr.o [1]
    .bss               zero     0x1fff0573     0x1  isr.o [1]
    .bss               zero     0x1fff0574     0x1  isr.o [1]
    .bss               zero     0x1fff0575     0x1  isr.o [1]
    .bss               zero     0x1fff0576     0x1  key.o [1]
    .bss               zero     0x1fff0577     0x1  key.o [1]
    .bss               zero     0x1fff0578     0x1  key.o [1]
    .bss               zero     0x1fff0579     0x1  key.o [1]
    .bss               zero     0x1fff057a     0x1  key.o [1]
    .bss               zero     0x1fff057b     0x1  key.o [1]
                              - 0x1fff057c    0x78


*******************************************************************************
*** INIT TABLE
***

          Address     Size
          -------     ----
Zero (__iar_zero_init3)
    1 destination range, total size 0x74:
          0x1fff0508  0x74



*******************************************************************************
*** MODULE SUMMARY
***

    Module                 ro code  rw code  ro data  rw data
    ------                 -------  -------  -------  -------
E:\GitProj\IAR\IAR\WirelessPower\landzoK60OLED\build\fire_demo\Debug\Obj: [1]
    FTM.o                    1 528                84       16
    OLED.o                     900               552
    adc.o                      942                56       24
    arm_cm4.o                  128                60
    assert.o                    24                72
    crt0.o                      60
    gpio.o                     236                92       40
    io.o                        16
    isr.o                    1 416                88       56
    key.o                    1 028                32       44
    lptmr.o                     76
    main.o                     356                64       56
    mcg.o                      756       80       88        8
    printf.o                 1 430
    start.o                  1 312             1 176
    startup.o                  192
    stdlib.o                    32
    sysinit.o                   92                         12
    uart.o                     576                24       24
    vectors.o                   24             1 088
    wdog.o                      56
    ---------------------------------------------------------
    Total:                  11 180       80    3 476      280

command line: [2]
    ---------------------------------------------------------
    Total:

dl7M_tln.a: [3]
    exit.o                       4
    low_level_init.o             4
    ---------------------------------------------------------
    Total:                       8

m7M_tl.a: [4]
    DblAdd.o                   232
    DblCmpGe.o                  46
    DblDiv.o                   598
    DblMul.o                   418
    DblSub.o                   364
    DblToI32.o                  76
    I32ToDbl.o                  48
    ---------------------------------------------------------
    Total:                   1 782

rt7M_tl.a: [5]
    ABImemcpy_unaligned.o      118
    cexit.o                     10
    cmain.o                     26
    cstartup_M.o                12
    data_init.o                 40
    zero_init3.o                64
    ---------------------------------------------------------
    Total:                     270

shb_l.a: [6]
    exit.o                      20
    ---------------------------------------------------------
    Total:                      20

    Gaps                        16
    Linker created               8                16
-------------------------------------------------------------
    Grand Total:            13 284       80    3 492      280


*******************************************************************************
*** ENTRY LIST
***

Entry                      Address   Size  Type      Object
-----                      -------   ----  ----      ------
.bss$$Base              0x1fff0508          --   Gb  - Linker created -
.bss$$Limit             0x1fff057c          --   Gb  - Linker created -
.data$$Base             0x1fff0410          --   Gb  - Linker created -
.data$$Limit            0x1fff04b4          --   Gb  - Linker created -
.data_init$$Base        0x0000393c          --   Gb  - Linker created -
.data_init$$Limit       0x000039e0          --   Gb  - Linker created -
.iar.init_table$$Base   0x00003cfc          --   Gb  - Linker created -
.iar.init_table$$Limit  0x00003d0c          --   Gb  - Linker created -
?main                   0x00003e21         Code  Gb  cmain.o [5]
ADCx                    0x1fff0440    0x8  Data  Gb  adc.o [1]
ASSERT_FAILED_STR       0x00003a30   0x48  Data  Gb  assert.o [1]
Check_Key               0x000025ed   0xd6  Code  Gb  key.o [1]
Check_Key::tmp1         0x1fff057a    0x1  Data  Lc  key.o [1]
Check_Key::tmp2         0x1fff057b    0x1  Data  Lc  key.o [1]
CodeRelocate$$Base      0x000039e0          --   Gb  - Linker created -
CodeRelocate$$Limit     0x00003a30          --   Gb  - Linker created -
CodeRelocateRam$$Base   0x1fff04b4          --   Gb  - Linker created -
CodeRelocateRam$$Limit  0x1fff0504          --   Gb  - Linker created -
DMA_CH0_Handler         0x00001935   0x22  Code  Gb  isr.o [1]
DMA_CH4_Handler         0x0000190d   0x28  Code  Gb  isr.o [1]
DMA_Over_Flg            0x1fff0574    0x1  Data  Gb  isr.o [1]
Dly_ms                  0x0000295d   0x3c  Code  Gb  OLED.o [1]
F6x8                    0x00003714  0x228  Data  Gb  OLED.o [1]
FTM0_Duty_Change        0x00000929   0x44  Code  Gb  FTM.o [1]
FTM0_Freq_Change        0x0000096d   0x40  Code  Gb  FTM.o [1]
FTM0_IRQHandler         0x000018af    0x2  Code  Gb  isr.o [1]
FTM0_Init               0x000007db  0x14e  Code  Gb  FTM.o [1]
FTM1_IRQHandler         0x000018b1   0x5c  Code  Gb  isr.o [1]
FTM_PWM_Duty            0x00000769   0x72  Code  Gb  FTM.o [1]
FTM_PWM_init            0x0000044d  0x31c  Code  Gb  FTM.o [1]
FTMx                    0x1fff0448    0xc  Data  Gb  FTM.o [1]
GPIOx                   0x1fff0454   0x14  Data  Gb  gpio.o [1]
HardFault_Handler       0x00001691    0xc  Code  Gb  isr.o [1]
I1_Vol_present_value    0x1fff0508    0x8  Data  Gb  isr.o [1]
I_Set                   0x1fff0410    0x8  Data  Gb  key.o [1]
Init_Key_Port           0x00002559   0x94  Code  Gb  key.o [1]
Key_Event               0x000026c5  0x20e  Code  Gb  key.o [1]
Ki_i                    0x1fff0428    0x8  Data  Gb  main.o [1]
Ki_u                    0x1fff0438    0x8  Data  Gb  main.o [1]
Kp_i                    0x1fff0420    0x8  Data  Gb  main.o [1]
Kp_u                    0x1fff0430    0x8  Data  Gb  main.o [1]
LPT_Handler             0x00001957   0x18  Code  Gb  isr.o [1]
LPT_INT_count           0x1fff0575    0x1  Data  Gb  isr.o [1]
Master_Adc_Config       0x1fff0528   0x10  Data  Gb  adc.o [1]
OLED_DLY_ms             0x00002aff   0x1c  Code  Gb  OLED.o [1]
OLED_Fill               0x00002abf   0x40  Code  Gb  OLED.o [1]
OLED_Init               0x00002b1b  0x13c  Code  Gb  OLED.o [1]
OLED_Light              0x00002163   0x3c  Code  Gb  main.o [1]
OLED_P6x8Str            0x00002c57   0x7c  Code  Gb  OLED.o [1]
OLED_Set_Pos            0x00002a8f   0x30  Code  Gb  OLED.o [1]
OLED_WrCmd              0x00002a15   0x7a  Code  Gb  OLED.o [1]
OLED_WrDat              0x00002999   0x7c  Code  Gb  OLED.o [1]
PIT0_IRQHandler         0x000014f1  0x19c  Code  Gb  isr.o [1]
PIT1_IRQHandler         0x000014b1   0x3e  Code  Gb  isr.o [1]
PIT2_IRQHandler         0x00001809   0xa6  Code  Gb  isr.o [1]
PORTB_IRQHandler        0x000017cd   0x3c  Code  Gb  isr.o [1]
PORTD_IRQHandler        0x0000169d  0x130  Code  Gb  isr.o [1]
PORTX                   0x1fff0468   0x14  Data  Gb  gpio.o [1]
PendSV_Handler          0x0000168f    0x2  Code  Gb  isr.o [1]
Pot_Show                0x000021f1   0x44  Code  Gb  main.o [1]
Refresh_Key             0x0000219f   0x50  Code  Gb  main.o [1]
Refresh_Present         0x000021ef    0x2  Code  Gb  main.o [1]
Region$$Table$$Base     0x00003cfc          --   Gb  - Linker created -
Region$$Table$$Limit    0x00003d0c          --   Gb  - Linker created -
Reset_Handler           0x00000411         Code  Gb  crt0.o [1]
SysTick_Handler         0x0000168d    0x2  Code  Gb  isr.o [1]
TimeCount               0x1fff0560    0x2  Data  Gb  isr.o [1]
U1_present_value        0x1fff0510    0x8  Data  Gb  isr.o [1]
U20                     0x1fff0418    0x8  Data  Gb  key.o [1]
U2_present_value        0x1fff0518    0x8  Data  Gb  isr.o [1]
UARTx                   0x1fff049c   0x18  Data  Gb  uart.o [1]
USART1_IRQHandler       0x0000148d   0x24  Code  Gb  isr.o [1]
__BOOT_STACK_ADDRESS {Abs}
                        0x2000fff8         Data  Gb  command line/config [2]
__VECTOR_RAM {Abs}      0x1fff0000         Data  Gb  command line/config [2]
__VECTOR_TABLE {Abs}    0x00000000         Data  Gb  command line/config [2]
__aeabi_cdrcmple        0x00002251         Code  Gb  DblCmpGe.o [4]
__aeabi_d2iz            0x00000cb5         Code  Gb  DblToI32.o [4]
__aeabi_dadd            0x00002005         Code  Gb  DblAdd.o [4]
__aeabi_ddiv            0x00000a5d         Code  Gb  DblDiv.o [4]
__aeabi_dmul            0x00000d31         Code  Gb  DblMul.o [4]
__aeabi_i2d             0x00000d01         Code  Gb  I32ToDbl.o [4]
__aeabi_ui2d            0x00000d15         Code  Gb  I32ToDbl.o [4]
__cmain                 0x00003e21         Code  Gb  cmain.o [5]
__code_start__ {Abs}    0x00000410         Data  Gb  command line/config [2]
__exit                  0x00003e51   0x14  Code  Gb  exit.o [6]
__iar_d2uiz             0x00000ce1         Code  Gb  DblToI32.o [4]
__iar_dadd              0x00002019         Code  Gb  DblAdd.o [4]
__iar_data_init3        0x00003cd5   0x28  Code  Gb  data_init.o [5]
__iar_dsub              0x000023ed         Code  Gb  DblSub.o [4]
__iar_dsubStart         0x000023ff         Code  Gb  DblSub.o [4]
__iar_program_start     0x00004125         Code  Gb  cstartup_M.o [5]
__iar_ui2d              0x00000d19         Code  Gb  I32ToDbl.o [4]
__iar_unaligned___aeabi_memcpy
                        0x00002ce1         Code  Gb  ABImemcpy_unaligned.o [5]
__iar_unaligned___aeabi_memcpy4
                        0x00002d01         Code  Gb  ABImemcpy_unaligned.o [5]
__iar_unaligned___aeabi_memcpy8
                        0x00002d01         Code  Gb  ABImemcpy_unaligned.o [5]
__iar_zero_init3        0x00003b49   0x40  Code  Gb  zero_init3.o [5]
__low_level_init        0x00003e3b    0x4  Code  Gb  low_level_init.o [3]
__vector_table          0x00000000  0x410  Data  Gb  vectors.o [1]
_call_main              0x00003e2d         Code  Gb  cmain.o [5]
_exit                   0x00003e45         Code  Gb  cexit.o [5]
_main                   0x00003e37         Code  Gb  cmain.o [5]
ad_ave                  0x00001ef3   0x76  Code  Gb  adc.o [1]
ad_once                 0x00001e75   0x7e  Code  Gb  adc.o [1]
adc_config_alt          0x00001fdd   0x26  Code  Lc  adc.o [1]
adc_init                0x00001c55  0x220  Code  Gb  adc.o [1]
adc_start               0x00001f69   0x48  Code  Gb  adc.o [1]
assert_failed           0x00000a45   0x18  Code  Gb  assert.o [1]
bus_clk_khz             0x1fff055c    0x4  Data  Gb  sysinit.o [1]
common_startup          0x000032fd   0xc0  Code  Gb  startup.o [1]
core_clk_khz            0x1fff0554    0x4  Data  Gb  sysinit.o [1]
core_clk_mhz            0x1fff0558    0x4  Data  Gb  sysinit.o [1]
cpu_identify            0x00002ed3  0x20a  Code  Gb  start.o [1]
default_isr             0x00003f25   0x18  Code  Gb  vectors.o [1]
disable_irq             0x00002373   0x64  Code  Gb  arm_cm4.o [1]
exit                    0x00003e3f    0x4  Code  Gb  exit.o [3]
flash_identify          0x000030dd   0xbe  Code  Gb  start.o [1]
freq_now                0x1fff0490    0x4  Data  Gb  main.o [1]
ftm_flag                0x1fff0550    0x4  Data  Gb  main.o [1]
gpio_get                0x00002337   0x26  Code  Gb  gpio.o [1]
gpio_init               0x00002281   0xb6  Code  Gb  gpio.o [1]
input_val               0x1fff0540    0x4  Data  Gb  key.o [1]
key10cout               0x1fff0566    0x2  Data  Gb  isr.o [1]
key10flg                0x1fff0571    0x1  Data  Gb  isr.o [1]
key10start              0x1fff0570    0x1  Data  Gb  isr.o [1]
key11cout               0x1fff0568    0x2  Data  Gb  isr.o [1]
key11flg                0x1fff0573    0x1  Data  Gb  isr.o [1]
key11start              0x1fff0572    0x1  Data  Gb  isr.o [1]
key8cout                0x1fff0562    0x2  Data  Gb  isr.o [1]
key8flg                 0x1fff056d    0x1  Data  Gb  isr.o [1]
key8start               0x1fff056c    0x1  Data  Gb  isr.o [1]
key9cout                0x1fff0564    0x2  Data  Gb  isr.o [1]
key9flg                 0x1fff056f    0x1  Data  Gb  isr.o [1]
key9start               0x1fff056e    0x1  Data  Gb  isr.o [1]
key_Flag                0x1fff0578    0x1  Data  Gb  key.o [1]
key_Map                 0x1fff047c   0x10  Data  Gb  key.o [1]
key_Pressed             0x1fff0576    0x1  Data  Gb  key.o [1]
key_n                   0x1fff056a    0x2  Data  Gb  key.o [1]
key_val                 0x1fff0577    0x1  Data  Gb  key.o [1]
main                    0x000020ed   0x76  Code  Gb  main.o [1]
mcg_div                 0x1fff0494    0x8  Data  Gb  mcg.o [1]
mod                     0x1fff0538    0x4  Data  Gb  FTM.o [1]
modeflag                0x1fff054c    0x4  Data  Gb  main.o [1]
out_char                0x000040e5   0x10  Code  Gb  io.o [1]
pll_init                0x00003421  0x2f4  Code  Gb  mcg.o [1]
pot_flag                0x1fff0579    0x1  Data  Gb  key.o [1]
printf                  0x0000140f   0x26  Code  Gb  printf.o [1]
printk                  0x00000ffd  0x412  Code  Gb  printf.o [1]
printk_mknumstr         0x00000f07   0xaa  Code  Lc  printf.o [1]
printk_pad_space        0x00000fd7   0x26  Code  Lc  printf.o [1]
printk_pad_zero         0x00000fb1   0x26  Code  Lc  printf.o [1]
printk_putc             0x00000ed5   0x32  Code  Lc  printf.o [1]
pwm_now                 0x1fff048c    0x4  Data  Gb  main.o [1]
set_sys_dividers        0x1fff04b5   0x50  Code  Gb  mcg.o [1]
sin_count               0x1fff053c    0x4  Data  Gb  isr.o [1]
sprintf                 0x00001439   0x32  Code  Gb  printf.o [1]
start                   0x00002da5  0x12e  Code  Gb  start.o [1]
start_flag              0x1fff0548    0x4  Data  Gb  main.o [1]
strlen                  0x0000146b   0x20  Code  Gb  stdlib.o [1]
sum                     0x1fff0520    0x8  Data  Gb  isr.o [1]
sysinit                 0x000033bd   0x48  Code  Gb  sysinit.o [1]
test_flag               0x1fff0544    0x4  Data  Gb  main.o [1]
time_delay_ms           0x00002d59   0x38  Code  Gb  lptmr.o [1]
uart_getchar            0x00001bc1   0x1a  Code  Gb  uart.o [1]
uart_init               0x00001a15  0x1ac  Code  Gb  uart.o [1]
uart_putchar            0x00001bdb   0x1a  Code  Gb  uart.o [1]
uart_sendStr            0x00001bf5   0x1c  Code  Gb  uart.o [1]
wdog_disable            0x000032c5   0x16  Code  Gb  wdog.o [1]
wdog_unlock             0x000032dd   0x16  Code  Gb  wdog.o [1]
write_vtor              0x0000236d    0x6  Code  Gb  arm_cm4.o [1]


[1] = E:\GitProj\IAR\IAR\WirelessPower\landzoK60OLED\build\fire_demo\Debug\Obj
[2] = command line
[3] = dl7M_tln.a
[4] = m7M_tl.a
[5] = rt7M_tl.a
[6] = shb_l.a

  13 284 bytes of readonly  code memory
      80 bytes of readwrite code memory
   3 492 bytes of readonly  data memory
     280 bytes of readwrite data memory

Errors: none
Warnings: none
