###############################################################################
#
# IAR ELF Linker V7.70.1.11437/W32 for ARM                19/Jul/2016  19:55:44
# Copyright 2007-2016 IAR Systems AB.
#
#    Output file  =  
#        E:\IARProj\landzoK60OLED\build\fire_demo\Debug\Exe\fire_gpio_demo.out
#    Map file     =  
#        E:\IARProj\landzoK60OLED\build\fire_demo\Debug\List\fire_gpio_demo.map
#    Command line =  
#        E:\IARProj\landzoK60OLED\build\fire_demo\Debug\Obj\adc.o
#        E:\IARProj\landzoK60OLED\build\fire_demo\Debug\Obj\alloc.o
#        E:\IARProj\landzoK60OLED\build\fire_demo\Debug\Obj\arm_cm4.o
#        E:\IARProj\landzoK60OLED\build\fire_demo\Debug\Obj\assert.o
#        E:\IARProj\landzoK60OLED\build\fire_demo\Debug\Obj\AT24C02.o
#        E:\IARProj\landzoK60OLED\build\fire_demo\Debug\Obj\crt0.o
#        E:\IARProj\landzoK60OLED\build\fire_demo\Debug\Obj\dac.o
#        E:\IARProj\landzoK60OLED\build\fire_demo\Debug\Obj\delay.o
#        E:\IARProj\landzoK60OLED\build\fire_demo\Debug\Obj\dma.o
#        E:\IARProj\landzoK60OLED\build\fire_demo\Debug\Obj\exti.o
#        E:\IARProj\landzoK60OLED\build\fire_demo\Debug\Obj\FTM.o
#        E:\IARProj\landzoK60OLED\build\fire_demo\Debug\Obj\gpio.o
#        E:\IARProj\landzoK60OLED\build\fire_demo\Debug\Obj\i2c.o
#        E:\IARProj\landzoK60OLED\build\fire_demo\Debug\Obj\io.o
#        E:\IARProj\landzoK60OLED\build\fire_demo\Debug\Obj\isr.o
#        E:\IARProj\landzoK60OLED\build\fire_demo\Debug\Obj\key.o
#        E:\IARProj\landzoK60OLED\build\fire_demo\Debug\Obj\lptmr.o
#        E:\IARProj\landzoK60OLED\build\fire_demo\Debug\Obj\main.o
#        E:\IARProj\landzoK60OLED\build\fire_demo\Debug\Obj\mcg.o
#        E:\IARProj\landzoK60OLED\build\fire_demo\Debug\Obj\memtest.o
#        E:\IARProj\landzoK60OLED\build\fire_demo\Debug\Obj\OLED.o
#        E:\IARProj\landzoK60OLED\build\fire_demo\Debug\Obj\PIT.o
#        E:\IARProj\landzoK60OLED\build\fire_demo\Debug\Obj\printf.o
#        E:\IARProj\landzoK60OLED\build\fire_demo\Debug\Obj\queue.o
#        E:\IARProj\landzoK60OLED\build\fire_demo\Debug\Obj\start.o
#        E:\IARProj\landzoK60OLED\build\fire_demo\Debug\Obj\startup.o
#        E:\IARProj\landzoK60OLED\build\fire_demo\Debug\Obj\stdlib.o
#        E:\IARProj\landzoK60OLED\build\fire_demo\Debug\Obj\sysinit.o
#        E:\IARProj\landzoK60OLED\build\fire_demo\Debug\Obj\uart.o
#        E:\IARProj\landzoK60OLED\build\fire_demo\Debug\Obj\uif.o
#        E:\IARProj\landzoK60OLED\build\fire_demo\Debug\Obj\vectors.o
#        E:\IARProj\landzoK60OLED\build\fire_demo\Debug\Obj\wdog.o -o
#        E:\IARProj\landzoK60OLED\build\fire_demo\Debug\Exe\fire_gpio_demo.out
#        --map
#        E:\IARProj\landzoK60OLED\build\fire_demo\Debug\List\fire_gpio_demo.map
#        --config "E:\IARProj\landzoK60OLED\build\fire_demo\..\config
#        files\fire_ROM_K60N512.icf" --semihosting --entry __iar_program_start
#        --vfe
#
###############################################################################

*******************************************************************************
*** RUNTIME MODEL ATTRIBUTES
***

CppFlavor       = *
__SystemLibrary = DLib


*******************************************************************************
*** PLACEMENT SUMMARY
***

"A0":  place at 0x00000000 { ro section .intvec };
"A1":  place at 0x00000410 { ro section .noinit };
"P1":  place in [from 0x00000000 to 0x00040000] { ro, block CodeRelocate };
"P2":  place in [from 0x1fff0410 to 0x20010000] {
          rw, block CodeRelocateRam, block CSTACK, block HEAP };
initialize manually with packing = copy, complex ranges { section .data };
initialize manually with packing = copy, complex ranges { section .textrw };

  Section              Kind        Address    Size  Object
  -------              ----        -------    ----  ------
"A0":                                        0x410
  .intvec              const    0x00000000   0x410  vectors.o [1]
                              - 0x00000410   0x410

"A1":                                         0x3c
  .noinit              ro code  0x00000410    0x3c  crt0.o [1]
                              - 0x0000044c    0x3c

"P1":                                       0x43e4
  .text                ro code  0x0000044c   0x5f4  main.o [1]
  .text                ro code  0x00000a40   0x240  uart.o [1]
  .text                ro code  0x00000c80    0xec  gpio.o [1]
  .text                ro code  0x00000d6c   0x438  key.o [1]
  .text                ro code  0x000011a4    0x70  PIT.o [1]
  .text                ro code  0x00001214   0x3c4  OLED.o [1]
  .text                ro code  0x000015d8   0x3ae  adc.o [1]
  .text                ro code  0x00001988   0x5b4  FTM.o [1]
  .text                ro code  0x00001f3c    0x30  I32ToDbl.o [4]
  .text                ro code  0x00001f6c    0x76  ABImemcpy_unaligned.o [5]
  .text                ro code  0x00001fe4   0x1a2  DblMul.o [4]
  .text                ro code  0x00002188    0x4c  DblToI32.o [4]
  .text                ro code  0x000021d4   0x596  printf.o [1]
  .text                ro code  0x0000276c   0x180  DblSub.o [4]
  .text                ro code  0x000028ec    0xe8  DblAdd.o [4]
  .text                ro code  0x000029d4    0x2e  DblCmpGe.o [4]
  .text                ro code  0x00002a04    0x2e  DblCmpLe.o [4]
  .text                ro code  0x00002a34    0x18  assert.o [1]
  .text                ro code  0x00002a4c    0x4c  lptmr.o [1]
  .text                ro code  0x00002a98   0x13c  arm_cm4.o [1]
  .text                ro code  0x00002bd4   0x256  DblDiv.o [4]
  .text                ro code  0x00002e2a    0x20  stdlib.o [1]
  .text                ro code  0x00002e4c   0x58c  isr.o [1]
  .text                ro code  0x000033d8   0x520  start.o [1]
  .text                ro code  0x000038f8    0x38  wdog.o [1]
  .text                ro code  0x00003930    0xc0  startup.o [1]
  .text                ro code  0x000039f0    0x5c  sysinit.o [1]
  Veneer               ro code  0x00003a4c     0x8  - Linker created -
  .text                ro code  0x00003a54   0x2f4  mcg.o [1]
  .rodata              const    0x00003d48   0x228  OLED.o [1]
  .data_init                    0x00003f70    0xb4  <Block>
    Initializer bytes  const    0x00003f70    0xb4  <for .data-1>
  CodeRelocate                  0x00004024    0x50  <Block>
    Initializer bytes  const    0x00004024    0x50  <for CodeRelocateRam-1>
  .rodata              const    0x00004074    0x48  assert.o [1]
  .rodata              const    0x000040bc    0x48  start.o [1]
  .rodata              const    0x00004104    0x40  start.o [1]
  .text                ro code  0x00004144    0x40  zero_init3.o [5]
  .rodata              const    0x00004184    0x3c  arm_cm4.o [1]
  .rodata              const    0x000041c0    0x38  arm_cm4.o [1]
  .rodata              const    0x000041f8    0x34  gpio.o [1]
  .rodata              const    0x0000422c    0x30  adc.o [1]
  .rodata              const    0x0000425c    0x30  FTM.o [1]
  .rodata              const    0x0000428c    0x30  vectors.o [1]
  .rodata              const    0x000042bc    0x2c  start.o [1]
  .rodata              const    0x000042e8    0x28  start.o [1]
  .rodata              const    0x00004310    0x28  start.o [1]
  .text                ro code  0x00004338    0x28  data_init.o [5]
  .iar.init_table      const    0x00004360    0x10  - Linker created -
  .rodata              const    0x00004370    0x20  isr.o [1]
  .rodata              const    0x00004390    0x20  start.o [1]
  .rodata              const    0x000043b0    0x20  start.o [1]
  .rodata              const    0x000043d0    0x20  start.o [1]
  .rodata              const    0x000043f0    0x20  start.o [1]
  .rodata              const    0x00004410    0x20  start.o [1]
  .rodata              const    0x00004430    0x1c  start.o [1]
  .rodata              const    0x0000444c    0x1c  start.o [1]
  .rodata              const    0x00004468    0x1c  start.o [1]
  .text                ro code  0x00004484    0x1a  cmain.o [5]
  .text                ro code  0x0000449e     0x4  low_level_init.o [3]
  .text                ro code  0x000044a2     0x4  exit.o [3]
  .text                ro code  0x000044a8     0xa  cexit.o [5]
  .text                ro code  0x000044b4    0x14  exit.o [6]
  .rodata              const    0x000044c8    0x18  start.o [1]
  .rodata              const    0x000044e0    0x18  start.o [1]
  .rodata              const    0x000044f8    0x18  start.o [1]
  .rodata              const    0x00004510    0x18  start.o [1]
  .rodata              const    0x00004528    0x18  start.o [1]
  .rodata              const    0x00004540    0x18  start.o [1]
  .rodata              const    0x00004558    0x18  start.o [1]
  .rodata              const    0x00004570    0x18  start.o [1]
  .text                ro code  0x00004588    0x18  vectors.o [1]
  .rodata              const    0x000045a0    0x14  isr.o [1]
  .rodata              const    0x000045b4    0x14  isr.o [1]
  .rodata              const    0x000045c8    0x14  start.o [1]
  .rodata              const    0x000045dc    0x14  start.o [1]
  .rodata              const    0x000045f0    0x14  start.o [1]
  .rodata              const    0x00004604    0x14  start.o [1]
  .rodata              const    0x00004618    0x14  start.o [1]
  .rodata              const    0x0000462c    0x14  start.o [1]
  .rodata              const    0x00004640    0x14  start.o [1]
  .rodata              const    0x00004654    0x14  start.o [1]
  .rodata              const    0x00004668    0x10  isr.o [1]
  .rodata              const    0x00004678    0x10  start.o [1]
  .rodata              const    0x00004688    0x10  start.o [1]
  .rodata              const    0x00004698    0x10  start.o [1]
  .rodata              const    0x000046a8    0x10  start.o [1]
  .rodata              const    0x000046b8    0x10  start.o [1]
  .rodata              const    0x000046c8    0x10  start.o [1]
  .rodata              const    0x000046d8    0x10  start.o [1]
  .rodata              const    0x000046e8    0x10  start.o [1]
  .rodata              const    0x000046f8    0x10  start.o [1]
  .rodata              const    0x00004708    0x10  start.o [1]
  .rodata              const    0x00004718    0x10  start.o [1]
  .rodata              const    0x00004728    0x10  start.o [1]
  .rodata              const    0x00004738    0x10  start.o [1]
  .text                ro code  0x00004748    0x10  io.o [1]
  .rodata              const    0x00004758     0xc  main.o [1]
  .rodata              const    0x00004764     0xc  start.o [1]
  .rodata              const    0x00004770     0xc  start.o [1]
  .rodata              const    0x0000477c     0xc  start.o [1]
  .rodata              const    0x00004788     0xc  start.o [1]
  .text                ro code  0x00004794     0xc  cstartup_M.o [5]
  .rodata              const    0x000047a0     0x8  main.o [1]
  .rodata              const    0x000047a8     0x8  main.o [1]
  .rodata              const    0x000047b0     0x8  main.o [1]
  .rodata              const    0x000047b8     0x8  main.o [1]
  .rodata              const    0x000047c0     0x8  main.o [1]
  .rodata              const    0x000047c8     0x8  main.o [1]
  .rodata              const    0x000047d0     0x8  main.o [1]
  .rodata              const    0x000047d8     0x8  main.o [1]
  .rodata              const    0x000047e0     0x8  main.o [1]
  .rodata              const    0x000047e8     0x8  main.o [1]
  .rodata              const    0x000047f0     0x8  start.o [1]
  .rodata              const    0x000047f8     0x8  start.o [1]
  .rodata              const    0x00004800     0x8  start.o [1]
  .rodata              const    0x00004808     0x8  start.o [1]
  .rodata              const    0x00004810     0x8  start.o [1]
  .rodata              const    0x00004818     0x8  start.o [1]
  .rodata              const    0x00004820     0x8  start.o [1]
  .rodata              const    0x00004828     0x8  start.o [1]
  .rodata              const    0x00004830     0x0  zero_init3.o [5]
                              - 0x00004830  0x43e4

"P2", part 1 of 2:                           0x104
  .data                         0x1fff0410    0xb4  <Block>
    .data-1                     0x1fff0410    0xb4  <Init block>
      .data            inited   0x1fff0410     0x8  key.o [1]
      .data            inited   0x1fff0418     0x8  key.o [1]
      .data            inited   0x1fff0420     0x8  main.o [1]
      .data            inited   0x1fff0428     0x8  main.o [1]
      .data            inited   0x1fff0430     0x8  main.o [1]
      .data            inited   0x1fff0438     0x8  main.o [1]
      .data            inited   0x1fff0440     0x8  main.o [1]
      .data            inited   0x1fff0448     0x8  main.o [1]
      .data            inited   0x1fff0450     0x8  adc.o [1]
      .data            inited   0x1fff0458     0xc  FTM.o [1]
      .data            inited   0x1fff0464    0x14  gpio.o [1]
      .data            inited   0x1fff0478    0x14  gpio.o [1]
      .data            inited   0x1fff048c    0x10  key.o [1]
      .data            inited   0x1fff049c     0x4  main.o [1]
      .data            inited   0x1fff04a0     0x4  main.o [1]
      .data            inited   0x1fff04a4     0x8  mcg.o [1]
      .data            inited   0x1fff04ac    0x18  uart.o [1]
  CodeRelocateRam               0x1fff04c4    0x50  <Block>
    CodeRelocateRam-1           0x1fff04c4    0x50  <Init block>
      .textrw          inited   0x1fff04c4    0x50  mcg.o [1]
                              - 0x1fff0514   0x104

"P2", part 2 of 2:                            0x98
  .bss                          0x1fff0518    0x98  <Block>
    .bss               zero     0x1fff0518     0x8  isr.o [1]
    .bss               zero     0x1fff0520     0x8  isr.o [1]
    .bss               zero     0x1fff0528     0x8  isr.o [1]
    .bss               zero     0x1fff0530     0x8  isr.o [1]
    .bss               zero     0x1fff0538    0x10  main.o [1]
    .bss               zero     0x1fff0548    0x10  main.o [1]
    .bss               zero     0x1fff0558    0x10  adc.o [1]
    .bss               zero     0x1fff0568     0x4  FTM.o [1]
    .bss               zero     0x1fff056c     0x4  isr.o [1]
    .bss               zero     0x1fff0570     0x4  key.o [1]
    .bss               zero     0x1fff0574     0x4  main.o [1]
    .bss               zero     0x1fff0578     0x4  main.o [1]
    .bss               zero     0x1fff057c     0x4  main.o [1]
    .bss               zero     0x1fff0580     0x4  main.o [1]
    .bss               zero     0x1fff0584     0x4  sysinit.o [1]
    .bss               zero     0x1fff0588     0x4  sysinit.o [1]
    .bss               zero     0x1fff058c     0x4  sysinit.o [1]
    .bss               zero     0x1fff0590     0x2  isr.o [1]
    .bss               zero     0x1fff0592     0x2  isr.o [1]
    .bss               zero     0x1fff0594     0x2  isr.o [1]
    .bss               zero     0x1fff0596     0x2  isr.o [1]
    .bss               zero     0x1fff0598     0x2  isr.o [1]
    .bss               zero     0x1fff059a     0x2  key.o [1]
    .bss               zero     0x1fff059c     0x1  isr.o [1]
    .bss               zero     0x1fff059d     0x1  isr.o [1]
    .bss               zero     0x1fff059e     0x1  isr.o [1]
    .bss               zero     0x1fff059f     0x1  isr.o [1]
    .bss               zero     0x1fff05a0     0x1  isr.o [1]
    .bss               zero     0x1fff05a1     0x1  isr.o [1]
    .bss               zero     0x1fff05a2     0x1  isr.o [1]
    .bss               zero     0x1fff05a3     0x1  isr.o [1]
    .bss               zero     0x1fff05a4     0x1  isr.o [1]
    .bss               zero     0x1fff05a5     0x1  isr.o [1]
    .bss               zero     0x1fff05a6     0x1  key.o [1]
    .bss               zero     0x1fff05a7     0x1  key.o [1]
    .bss               zero     0x1fff05a8     0x1  key.o [1]
    .bss               zero     0x1fff05a9     0x1  key.o [1]
    .bss               zero     0x1fff05aa     0x1  key.o [1]
    .bss               zero     0x1fff05ab     0x1  key.o [1]
                              - 0x1fff05ac    0x98


*******************************************************************************
*** INIT TABLE
***

          Address     Size
          -------     ----
Zero (__iar_zero_init3)
    1 destination range, total size 0x94:
          0x1fff0518  0x94



*******************************************************************************
*** MODULE SUMMARY
***

    Module                 ro code  rw code  ro data  rw data
    ------                 -------  -------  -------  -------
E:\IARProj\landzoK60OLED\build\fire_demo\Debug\Obj: [1]
    FTM.o                    1 460                60       16
    OLED.o                     964               552
    PIT.o                      112
    adc.o                      942                56       24
    arm_cm4.o                  316               116
    assert.o                    24                72
    crt0.o                      60
    gpio.o                     236                92       40
    io.o                        16
    isr.o                    1 420                88       56
    key.o                    1 080                32       44
    lptmr.o                     76
    main.o                   1 524               148      104
    mcg.o                      756       80       88        8
    printf.o                 1 430
    start.o                  1 312             1 176
    startup.o                  192
    stdlib.o                    32
    sysinit.o                   92                         12
    uart.o                     576                24       24
    vectors.o                   24             1 088
    wdog.o                      56
    ---------------------------------------------------------
    Total:                  12 700       80    3 592      328

command line: [2]
    ---------------------------------------------------------
    Total:

dl7M_tln.a: [3]
    exit.o                       4
    low_level_init.o             4
    ---------------------------------------------------------
    Total:                       8

m7M_tl.a: [4]
    DblAdd.o                   232
    DblCmpGe.o                  46
    DblCmpLe.o                  46
    DblDiv.o                   598
    DblMul.o                   418
    DblSub.o                   384
    DblToI32.o                  76
    I32ToDbl.o                  48
    ---------------------------------------------------------
    Total:                   1 848

rt7M_tl.a: [5]
    ABImemcpy_unaligned.o      118
    cexit.o                     10
    cmain.o                     26
    cstartup_M.o                12
    data_init.o                 40
    zero_init3.o                64
    ---------------------------------------------------------
    Total:                     270

shb_l.a: [6]
    exit.o                      20
    ---------------------------------------------------------
    Total:                      20

    Gaps                        18
    Linker created               8                16
-------------------------------------------------------------
    Grand Total:            14 872       80    3 608      328


*******************************************************************************
*** ENTRY LIST
***

Entry                      Address   Size  Type      Object
-----                      -------   ----  ----      ------
.bss$$Base              0x1fff0518          --   Gb  - Linker created -
.bss$$Limit             0x1fff05ac          --   Gb  - Linker created -
.data$$Base             0x1fff0410          --   Gb  - Linker created -
.data$$Limit            0x1fff04c4          --   Gb  - Linker created -
.data_init$$Base        0x00003f70          --   Gb  - Linker created -
.data_init$$Limit       0x00004024          --   Gb  - Linker created -
.iar.init_table$$Base   0x00004360          --   Gb  - Linker created -
.iar.init_table$$Limit  0x00004370          --   Gb  - Linker created -
?main                   0x00004485         Code  Gb  cmain.o [5]
ADCx                    0x1fff0450    0x8  Data  Gb  adc.o [1]
ASSERT_FAILED_STR       0x00004074   0x48  Data  Gb  assert.o [1]
Check_Key               0x00000e01   0xd6  Code  Gb  key.o [1]
Check_Key::tmp1         0x1fff05aa    0x1  Data  Lc  key.o [1]
Check_Key::tmp2         0x1fff05ab    0x1  Data  Lc  key.o [1]
CodeRelocate$$Base      0x00004024          --   Gb  - Linker created -
CodeRelocate$$Limit     0x00004074          --   Gb  - Linker created -
CodeRelocateRam$$Base   0x1fff04c4          --   Gb  - Linker created -
CodeRelocateRam$$Limit  0x1fff0514          --   Gb  - Linker created -
Curent_PID              0x00000851   0xae  Code  Gb  main.o [1]
Current_Error           0x1fff0548   0x10  Data  Gb  main.o [1]
DMA_CH0_Handler         0x000032f9   0x22  Code  Gb  isr.o [1]
DMA_CH4_Handler         0x000032d1   0x28  Code  Gb  isr.o [1]
DMA_Over_Flg            0x1fff05a4    0x1  Data  Gb  isr.o [1]
Dly_ms                  0x00001215   0x3c  Code  Gb  OLED.o [1]
F6x8                    0x00003d48  0x228  Data  Gb  OLED.o [1]
FTM0_Duty_Change        0x00001e65   0x44  Code  Gb  FTM.o [1]
FTM0_IRQHandler         0x00003273    0x2  Code  Gb  isr.o [1]
FTM0_Init               0x00001d17  0x14e  Code  Gb  FTM.o [1]
FTM1_IRQHandler         0x00003275   0x5c  Code  Gb  isr.o [1]
FTM_PWM_Duty            0x00001ca5   0x72  Code  Gb  FTM.o [1]
FTM_PWM_init            0x00001989  0x31c  Code  Gb  FTM.o [1]
FTMx                    0x1fff0458    0xc  Data  Gb  FTM.o [1]
GPIOx                   0x1fff0464   0x14  Data  Gb  gpio.o [1]
HardFault_Handler       0x00003055    0xc  Code  Gb  isr.o [1]
I1_Vol_present_value    0x1fff0518    0x8  Data  Gb  isr.o [1]
I_Set                   0x1fff0410    0x8  Data  Gb  key.o [1]
Init_Key_Port           0x00000d6d   0x94  Code  Gb  key.o [1]
Key_Event               0x00000ed9  0x24c  Code  Gb  key.o [1]
Ki_i                    0x1fff0428    0x8  Data  Gb  main.o [1]
Ki_u                    0x1fff0438    0x8  Data  Gb  main.o [1]
Kp_i                    0x1fff0420    0x8  Data  Gb  main.o [1]
Kp_u                    0x1fff0430    0x8  Data  Gb  main.o [1]
LPT_Handler             0x0000331b   0x18  Code  Gb  isr.o [1]
LPT_INT_count           0x1fff05a5    0x1  Data  Gb  isr.o [1]
Master_Adc_Config       0x1fff0558   0x10  Data  Gb  adc.o [1]
OLED_DLY_ms             0x000013b7   0x1c  Code  Gb  OLED.o [1]
OLED_Fill               0x00001377   0x40  Code  Gb  OLED.o [1]
OLED_Fill_up            0x00001599   0x40  Code  Gb  OLED.o [1]
OLED_Init               0x000013d3  0x13c  Code  Gb  OLED.o [1]
OLED_Light              0x000004c9  0x178  Code  Gb  main.o [1]
OLED_P6x8Str            0x0000150f   0x7c  Code  Gb  OLED.o [1]
OLED_Set_Pos            0x00001347   0x30  Code  Gb  OLED.o [1]
OLED_WrCmd              0x000012cd   0x7a  Code  Gb  OLED.o [1]
OLED_WrDat              0x00001251   0x7c  Code  Gb  OLED.o [1]
PID_control             0x000007f1   0x60  Code  Gb  main.o [1]
PIT0_IRQHandler         0x00002eb1  0x1a0  Code  Gb  isr.o [1]
PIT1_IRQHandler         0x00002e71   0x3e  Code  Gb  isr.o [1]
PIT2_IRQHandler         0x000031cd   0xa6  Code  Gb  isr.o [1]
PORTB_IRQHandler        0x00003191   0x3c  Code  Gb  isr.o [1]
PORTD_IRQHandler        0x00003061  0x130  Code  Gb  isr.o [1]
PORTX                   0x1fff0478   0x14  Data  Gb  gpio.o [1]
PWM_Current             0x1fff04a0    0x4  Data  Gb  main.o [1]
PWM_Current_temp        0x1fff0448    0x8  Data  Gb  main.o [1]
PWM_Voltage             0x1fff049c    0x4  Data  Gb  main.o [1]
PWM_Voltage_temp        0x1fff0440    0x8  Data  Gb  main.o [1]
PendSV_Handler          0x00003053    0x2  Code  Gb  isr.o [1]
Pot_Show                0x0000074d   0xa4  Code  Gb  main.o [1]
Refresh_Key             0x00000641   0x64  Code  Gb  main.o [1]
Refresh_Present         0x000006a9   0x9a  Code  Gb  main.o [1]
Region$$Table$$Base     0x00004360          --   Gb  - Linker created -
Region$$Table$$Limit    0x00004370          --   Gb  - Linker created -
Reset_Handler           0x00000411         Code  Gb  crt0.o [1]
SysTick_Handler         0x00003051    0x2  Code  Gb  isr.o [1]
TimeCount               0x1fff0590    0x2  Data  Gb  isr.o [1]
U1_present_value        0x1fff0520    0x8  Data  Gb  isr.o [1]
U20                     0x1fff0418    0x8  Data  Gb  key.o [1]
U2_present_value        0x1fff0528    0x8  Data  Gb  isr.o [1]
UARTx                   0x1fff04ac   0x18  Data  Gb  uart.o [1]
USART1_IRQHandler       0x00002e4d   0x24  Code  Gb  isr.o [1]
Voltage_Error           0x1fff0538   0x10  Data  Gb  main.o [1]
Voltage_PID             0x00000905   0xae  Code  Gb  main.o [1]
__BOOT_STACK_ADDRESS {Abs}
                        0x2000fff8         Data  Gb  command line/config [2]
__VECTOR_RAM {Abs}      0x1fff0000         Data  Gb  command line/config [2]
__VECTOR_TABLE {Abs}    0x00000000         Data  Gb  command line/config [2]
__aeabi_cdcmple         0x00002a05         Code  Gb  DblCmpLe.o [4]
__aeabi_cdrcmple        0x000029d5         Code  Gb  DblCmpGe.o [4]
__aeabi_d2iz            0x00002189         Code  Gb  DblToI32.o [4]
__aeabi_dadd            0x000028ed         Code  Gb  DblAdd.o [4]
__aeabi_ddiv            0x00002bd5         Code  Gb  DblDiv.o [4]
__aeabi_dmul            0x00001fe5         Code  Gb  DblMul.o [4]
__aeabi_dsub            0x0000276d         Code  Gb  DblSub.o [4]
__aeabi_i2d             0x00001f3d         Code  Gb  I32ToDbl.o [4]
__aeabi_ui2d            0x00001f51         Code  Gb  I32ToDbl.o [4]
__cmain                 0x00004485         Code  Gb  cmain.o [5]
__code_start__ {Abs}    0x00000410         Data  Gb  command line/config [2]
__exit                  0x000044b5   0x14  Code  Gb  exit.o [6]
__iar_d2uiz             0x000021b5         Code  Gb  DblToI32.o [4]
__iar_dadd              0x00002901         Code  Gb  DblAdd.o [4]
__iar_data_init3        0x00004339   0x28  Code  Gb  data_init.o [5]
__iar_dsub              0x00002781         Code  Gb  DblSub.o [4]
__iar_dsubStart         0x00002793         Code  Gb  DblSub.o [4]
__iar_program_start     0x00004795         Code  Gb  cstartup_M.o [5]
__iar_ui2d              0x00001f55         Code  Gb  I32ToDbl.o [4]
__iar_unaligned___aeabi_memcpy
                        0x00001f6d         Code  Gb  ABImemcpy_unaligned.o [5]
__iar_unaligned___aeabi_memcpy4
                        0x00001f8d         Code  Gb  ABImemcpy_unaligned.o [5]
__iar_unaligned___aeabi_memcpy8
                        0x00001f8d         Code  Gb  ABImemcpy_unaligned.o [5]
__iar_zero_init3        0x00004145   0x40  Code  Gb  zero_init3.o [5]
__low_level_init        0x0000449f    0x4  Code  Gb  low_level_init.o [3]
__vector_table          0x00000000  0x410  Data  Gb  vectors.o [1]
_call_main              0x00004491         Code  Gb  cmain.o [5]
_exit                   0x000044a9         Code  Gb  cexit.o [5]
_main                   0x0000449b         Code  Gb  cmain.o [5]
ad_ave                  0x00001877   0x76  Code  Gb  adc.o [1]
ad_once                 0x000017f9   0x7e  Code  Gb  adc.o [1]
adc_config_alt          0x00001961   0x26  Code  Lc  adc.o [1]
adc_init                0x000015d9  0x220  Code  Gb  adc.o [1]
adc_start               0x000018ed   0x48  Code  Gb  adc.o [1]
assert_failed           0x00002a35   0x18  Code  Gb  assert.o [1]
bus_clk_khz             0x1fff058c    0x4  Data  Gb  sysinit.o [1]
common_startup          0x00003931   0xc0  Code  Gb  startup.o [1]
core_clk_khz            0x1fff0584    0x4  Data  Gb  sysinit.o [1]
core_clk_mhz            0x1fff0588    0x4  Data  Gb  sysinit.o [1]
cpu_identify            0x00003507  0x20a  Code  Gb  start.o [1]
default_isr             0x00004589   0x18  Code  Gb  vectors.o [1]
disable_irq             0x00002b3f   0x64  Code  Gb  arm_cm4.o [1]
enable_irq              0x00002a9f   0xa0  Code  Gb  arm_cm4.o [1]
exit                    0x000044a3    0x4  Code  Gb  exit.o [3]
flash_identify          0x00003711   0xbe  Code  Gb  start.o [1]
ftm_flag                0x1fff0580    0x4  Data  Gb  main.o [1]
gpio_get                0x00000d37   0x26  Code  Gb  gpio.o [1]
gpio_init               0x00000c81   0xb6  Code  Gb  gpio.o [1]
input_val               0x1fff0570    0x4  Data  Gb  key.o [1]
key10cout               0x1fff0596    0x2  Data  Gb  isr.o [1]
key10flg                0x1fff05a1    0x1  Data  Gb  isr.o [1]
key10start              0x1fff05a0    0x1  Data  Gb  isr.o [1]
key11cout               0x1fff0598    0x2  Data  Gb  isr.o [1]
key11flg                0x1fff05a3    0x1  Data  Gb  isr.o [1]
key11start              0x1fff05a2    0x1  Data  Gb  isr.o [1]
key8cout                0x1fff0592    0x2  Data  Gb  isr.o [1]
key8flg                 0x1fff059d    0x1  Data  Gb  isr.o [1]
key8start               0x1fff059c    0x1  Data  Gb  isr.o [1]
key9cout                0x1fff0594    0x2  Data  Gb  isr.o [1]
key9flg                 0x1fff059f    0x1  Data  Gb  isr.o [1]
key9start               0x1fff059e    0x1  Data  Gb  isr.o [1]
key_Flag                0x1fff05a8    0x1  Data  Gb  key.o [1]
key_Map                 0x1fff048c   0x10  Data  Gb  key.o [1]
key_Pressed             0x1fff05a6    0x1  Data  Gb  key.o [1]
key_n                   0x1fff059a    0x2  Data  Gb  key.o [1]
key_val                 0x1fff05a7    0x1  Data  Gb  key.o [1]
main                    0x0000044d   0x7c  Code  Gb  main.o [1]
mcg_div                 0x1fff04a4    0x8  Data  Gb  mcg.o [1]
mod                     0x1fff0568    0x4  Data  Gb  FTM.o [1]
modeflag                0x1fff057c    0x4  Data  Gb  main.o [1]
out_char                0x00004749   0x10  Code  Gb  io.o [1]
pit_init                0x000011a5   0x62  Code  Gb  PIT.o [1]
pll_init                0x00003a55  0x2f4  Code  Gb  mcg.o [1]
pot_flag                0x1fff05a9    0x1  Data  Gb  key.o [1]
printf                  0x0000270f   0x26  Code  Gb  printf.o [1]
printk                  0x000022fd  0x412  Code  Gb  printf.o [1]
printk_mknumstr         0x00002207   0xaa  Code  Lc  printf.o [1]
printk_pad_space        0x000022d7   0x26  Code  Lc  printf.o [1]
printk_pad_zero         0x000022b1   0x26  Code  Lc  printf.o [1]
printk_putc             0x000021d5   0x32  Code  Lc  printf.o [1]
set_sys_dividers        0x1fff04c5   0x50  Code  Gb  mcg.o [1]
sin_count               0x1fff056c    0x4  Data  Gb  isr.o [1]
sprintf                 0x00002739   0x32  Code  Gb  printf.o [1]
start                   0x000033d9  0x12e  Code  Gb  start.o [1]
start_flag              0x1fff0578    0x4  Data  Gb  main.o [1]
strlen                  0x00002e2b   0x20  Code  Gb  stdlib.o [1]
sum                     0x1fff0530    0x8  Data  Gb  isr.o [1]
sysinit                 0x000039f1   0x48  Code  Gb  sysinit.o [1]
test_flag               0x1fff0574    0x4  Data  Gb  main.o [1]
time_delay_ms           0x00002a4d   0x38  Code  Gb  lptmr.o [1]
uart_getchar            0x00000bed   0x1a  Code  Gb  uart.o [1]
uart_init               0x00000a41  0x1ac  Code  Gb  uart.o [1]
uart_putchar            0x00000c07   0x1a  Code  Gb  uart.o [1]
uart_sendStr            0x00000c21   0x1c  Code  Gb  uart.o [1]
wdog_disable            0x000038f9   0x16  Code  Gb  wdog.o [1]
wdog_unlock             0x00003911   0x16  Code  Gb  wdog.o [1]
write_vtor              0x00002a99    0x6  Code  Gb  arm_cm4.o [1]


[1] = E:\IARProj\landzoK60OLED\build\fire_demo\Debug\Obj
[2] = command line
[3] = dl7M_tln.a
[4] = m7M_tl.a
[5] = rt7M_tl.a
[6] = shb_l.a

  14 872 bytes of readonly  code memory
      80 bytes of readwrite code memory
   3 608 bytes of readonly  data memory
     328 bytes of readwrite data memory

Errors: none
Warnings: none
