###############################################################################
#
# IAR ELF Linker V7.70.1.11437/W32 for ARM                28/Jul/2016  12:07:51
# Copyright 2007-2016 IAR Systems AB.
#
#    Output file  =  
#        E:\IARProj\landzoK60OLED\build\fire_demo\Debug\Exe\fire_gpio_demo.out
#    Map file     =  
#        E:\IARProj\landzoK60OLED\build\fire_demo\Debug\List\fire_gpio_demo.map
#    Command line =  
#        E:\IARProj\landzoK60OLED\build\fire_demo\Debug\Obj\adc.o
#        E:\IARProj\landzoK60OLED\build\fire_demo\Debug\Obj\alloc.o
#        E:\IARProj\landzoK60OLED\build\fire_demo\Debug\Obj\arm_cm4.o
#        E:\IARProj\landzoK60OLED\build\fire_demo\Debug\Obj\assert.o
#        E:\IARProj\landzoK60OLED\build\fire_demo\Debug\Obj\AT24C02.o
#        E:\IARProj\landzoK60OLED\build\fire_demo\Debug\Obj\crt0.o
#        E:\IARProj\landzoK60OLED\build\fire_demo\Debug\Obj\dac.o
#        E:\IARProj\landzoK60OLED\build\fire_demo\Debug\Obj\delay.o
#        E:\IARProj\landzoK60OLED\build\fire_demo\Debug\Obj\dma.o
#        E:\IARProj\landzoK60OLED\build\fire_demo\Debug\Obj\exti.o
#        E:\IARProj\landzoK60OLED\build\fire_demo\Debug\Obj\FTM.o
#        E:\IARProj\landzoK60OLED\build\fire_demo\Debug\Obj\gpio.o
#        E:\IARProj\landzoK60OLED\build\fire_demo\Debug\Obj\i2c.o
#        E:\IARProj\landzoK60OLED\build\fire_demo\Debug\Obj\io.o
#        E:\IARProj\landzoK60OLED\build\fire_demo\Debug\Obj\isr.o
#        E:\IARProj\landzoK60OLED\build\fire_demo\Debug\Obj\key.o
#        E:\IARProj\landzoK60OLED\build\fire_demo\Debug\Obj\lptmr.o
#        E:\IARProj\landzoK60OLED\build\fire_demo\Debug\Obj\main.o
#        E:\IARProj\landzoK60OLED\build\fire_demo\Debug\Obj\mcg.o
#        E:\IARProj\landzoK60OLED\build\fire_demo\Debug\Obj\memtest.o
#        E:\IARProj\landzoK60OLED\build\fire_demo\Debug\Obj\OLED.o
#        E:\IARProj\landzoK60OLED\build\fire_demo\Debug\Obj\PIT.o
#        E:\IARProj\landzoK60OLED\build\fire_demo\Debug\Obj\printf.o
#        E:\IARProj\landzoK60OLED\build\fire_demo\Debug\Obj\queue.o
#        E:\IARProj\landzoK60OLED\build\fire_demo\Debug\Obj\start.o
#        E:\IARProj\landzoK60OLED\build\fire_demo\Debug\Obj\startup.o
#        E:\IARProj\landzoK60OLED\build\fire_demo\Debug\Obj\stdlib.o
#        E:\IARProj\landzoK60OLED\build\fire_demo\Debug\Obj\sysinit.o
#        E:\IARProj\landzoK60OLED\build\fire_demo\Debug\Obj\uart.o
#        E:\IARProj\landzoK60OLED\build\fire_demo\Debug\Obj\uif.o
#        E:\IARProj\landzoK60OLED\build\fire_demo\Debug\Obj\vectors.o
#        E:\IARProj\landzoK60OLED\build\fire_demo\Debug\Obj\wdog.o -o
#        E:\IARProj\landzoK60OLED\build\fire_demo\Debug\Exe\fire_gpio_demo.out
#        --map
#        E:\IARProj\landzoK60OLED\build\fire_demo\Debug\List\fire_gpio_demo.map
#        --config "E:\IARProj\landzoK60OLED\build\fire_demo\..\config
#        files\fire_ROM_K60N512.icf" --semihosting --entry __iar_program_start
#        --vfe
#
###############################################################################

*******************************************************************************
*** RUNTIME MODEL ATTRIBUTES
***

CppFlavor       = *
__SystemLibrary = DLib


*******************************************************************************
*** PLACEMENT SUMMARY
***

"A0":  place at 0x00000000 { ro section .intvec };
"A1":  place at 0x00000410 { ro section .noinit };
"P1":  place in [from 0x00000000 to 0x00040000] { ro, block CodeRelocate };
"P2":  place in [from 0x1fff0410 to 0x20010000] {
          rw, block CodeRelocateRam, block CSTACK, block HEAP };
initialize manually with packing = copy, complex ranges { section .data };
initialize manually with packing = copy, complex ranges { section .textrw };

  Section              Kind        Address    Size  Object
  -------              ----        -------    ----  ------
"A0":                                        0x410
  .intvec              const    0x00000000   0x410  vectors.o [1]
                              - 0x00000410   0x410

"A1":                                         0x3c
  .noinit              ro code  0x00000410    0x3c  crt0.o [1]
                              - 0x0000044c    0x3c

"P1":                                       0x53bc
  .data_init                    0x0000044c  0x11b8  <Block>
    Initializer bytes  const    0x0000044c  0x11b8  <for .data-1>
  .text                ro code  0x00001604   0x708  main.o [1]
  .text                ro code  0x00001d0c   0x240  uart.o [1]
  .text                ro code  0x00001f4c   0x3a0  key.o [1]
  .text                ro code  0x000022ec   0x384  OLED.o [1]
  .text                ro code  0x00002670   0x144  gpio.o [1]
  .text                ro code  0x000027b4   0x3de  adc.o [1]
  .text                ro code  0x00002b94    0x70  PIT.o [1]
  .text                ro code  0x00002c04   0x568  FTM.o [1]
  .text                ro code  0x0000316c    0x2c  I32ToDbl.o [4]
  .text                ro code  0x00003198   0x1a2  DblMul.o [4]
  .text                ro code  0x0000333c   0x256  DblDiv.o [4]
  .text                ro code  0x00003594    0xe8  DblAdd.o [4]
  .text                ro code  0x0000367c    0x2e  DblCmpGe.o [4]
  .text                ro code  0x000036ac    0x2e  DblCmpLe.o [4]
  .text                ro code  0x000036dc    0x4c  DblToI32.o [4]
  .text                ro code  0x00003728    0x76  ABImemcpy_unaligned.o [5]
  .text                ro code  0x000037a0   0x596  printf.o [1]
  .text                ro code  0x00003d38   0x180  DblSub.o [4]
  .text                ro code  0x00003eb8    0x4c  lptmr.o [1]
  .text                ro code  0x00003f04    0x18  assert.o [1]
  .text                ro code  0x00003f1c   0x13c  arm_cm4.o [1]
  .text                ro code  0x00004058    0x20  stdlib.o [1]
  .text                ro code  0x00004078   0x520  start.o [1]
  .text                ro code  0x00004598    0x38  wdog.o [1]
  .text                ro code  0x000045d0    0xc0  startup.o [1]
  .text                ro code  0x00004690    0x5c  sysinit.o [1]
  Veneer               ro code  0x000046ec     0x8  - Linker created -
  .text                ro code  0x000046f4   0x2f4  mcg.o [1]
  .text                ro code  0x000049e8   0x434  isr.o [1]
  .rodata              const    0x00004e1c   0x228  OLED.o [1]
  CodeRelocate                  0x00005044    0x50  <Block>
    Initializer bytes  const    0x00005044    0x50  <for CodeRelocateRam-1>
  .rodata              const    0x00005094    0x48  assert.o [1]
  .rodata              const    0x000050dc    0x48  start.o [1]
  .rodata              const    0x00005124    0x40  start.o [1]
  .text                ro code  0x00005164    0x40  zero_init3.o [5]
  .rodata              const    0x000051a4    0x3c  arm_cm4.o [1]
  .rodata              const    0x000051e0    0x38  arm_cm4.o [1]
  .rodata              const    0x00005218    0x34  gpio.o [1]
  .rodata              const    0x0000524c    0x30  adc.o [1]
  .rodata              const    0x0000527c    0x30  FTM.o [1]
  .rodata              const    0x000052ac    0x30  vectors.o [1]
  .rodata              const    0x000052dc    0x2c  start.o [1]
  .rodata              const    0x00005308    0x28  start.o [1]
  .rodata              const    0x00005330    0x28  start.o [1]
  .text                ro code  0x00005358    0x28  data_init.o [5]
  .iar.init_table      const    0x00005380    0x10  - Linker created -
  .rodata              const    0x00005390    0x20  isr.o [1]
  .rodata              const    0x000053b0    0x20  start.o [1]
  .rodata              const    0x000053d0    0x20  start.o [1]
  .rodata              const    0x000053f0    0x20  start.o [1]
  .rodata              const    0x00005410    0x20  start.o [1]
  .rodata              const    0x00005430    0x20  start.o [1]
  .rodata              const    0x00005450    0x1c  start.o [1]
  .rodata              const    0x0000546c    0x1c  start.o [1]
  .rodata              const    0x00005488    0x1c  start.o [1]
  .text                ro code  0x000054a4    0x1a  cmain.o [5]
  .text                ro code  0x000054be     0x4  low_level_init.o [3]
  .text                ro code  0x000054c2     0x4  exit.o [3]
  .text                ro code  0x000054c8     0xa  cexit.o [5]
  .text                ro code  0x000054d4    0x14  exit.o [6]
  .rodata              const    0x000054e8    0x18  start.o [1]
  .rodata              const    0x00005500    0x18  start.o [1]
  .rodata              const    0x00005518    0x18  start.o [1]
  .rodata              const    0x00005530    0x18  start.o [1]
  .rodata              const    0x00005548    0x18  start.o [1]
  .rodata              const    0x00005560    0x18  start.o [1]
  .rodata              const    0x00005578    0x18  start.o [1]
  .rodata              const    0x00005590    0x18  start.o [1]
  .text                ro code  0x000055a8    0x18  vectors.o [1]
  .rodata              const    0x000055c0    0x14  isr.o [1]
  .rodata              const    0x000055d4    0x14  isr.o [1]
  .rodata              const    0x000055e8    0x14  start.o [1]
  .rodata              const    0x000055fc    0x14  start.o [1]
  .rodata              const    0x00005610    0x14  start.o [1]
  .rodata              const    0x00005624    0x14  start.o [1]
  .rodata              const    0x00005638    0x14  start.o [1]
  .rodata              const    0x0000564c    0x14  start.o [1]
  .rodata              const    0x00005660    0x14  start.o [1]
  .rodata              const    0x00005674    0x14  start.o [1]
  .rodata              const    0x00005688    0x10  start.o [1]
  .rodata              const    0x00005698    0x10  start.o [1]
  .rodata              const    0x000056a8    0x10  start.o [1]
  .rodata              const    0x000056b8    0x10  start.o [1]
  .rodata              const    0x000056c8    0x10  start.o [1]
  .rodata              const    0x000056d8    0x10  start.o [1]
  .rodata              const    0x000056e8    0x10  start.o [1]
  .rodata              const    0x000056f8    0x10  start.o [1]
  .rodata              const    0x00005708    0x10  start.o [1]
  .rodata              const    0x00005718    0x10  start.o [1]
  .rodata              const    0x00005728    0x10  start.o [1]
  .rodata              const    0x00005738    0x10  start.o [1]
  .rodata              const    0x00005748    0x10  start.o [1]
  .text                ro code  0x00005758    0x10  io.o [1]
  .rodata              const    0x00005768     0xc  main.o [1]
  .rodata              const    0x00005774     0xc  start.o [1]
  .rodata              const    0x00005780     0xc  start.o [1]
  .rodata              const    0x0000578c     0xc  start.o [1]
  .rodata              const    0x00005798     0xc  start.o [1]
  .text                ro code  0x000057a4     0xc  cstartup_M.o [5]
  .rodata              const    0x000057b0     0x8  main.o [1]
  .rodata              const    0x000057b8     0x8  main.o [1]
  .rodata              const    0x000057c0     0x8  main.o [1]
  .rodata              const    0x000057c8     0x8  start.o [1]
  .rodata              const    0x000057d0     0x8  start.o [1]
  .rodata              const    0x000057d8     0x8  start.o [1]
  .rodata              const    0x000057e0     0x8  start.o [1]
  .rodata              const    0x000057e8     0x8  start.o [1]
  .rodata              const    0x000057f0     0x8  start.o [1]
  .rodata              const    0x000057f8     0x8  start.o [1]
  .rodata              const    0x00005800     0x8  start.o [1]
  .rodata              const    0x00005808     0x0  zero_init3.o [5]
                              - 0x00005808  0x53bc

"P2", part 1 of 2:                          0x1208
  .data                         0x1fff0410  0x11b8  <Block>
    .data-1                     0x1fff0410  0x11b8  <Init block>
      .data            inited   0x1fff0410     0x8  main.o [1]
      .data            inited   0x1fff0418     0x8  main.o [1]
      .data            inited   0x1fff0420     0x8  main.o [1]
      .data            inited   0x1fff0428     0x8  main.o [1]
      .data            inited   0x1fff0430     0x8  main.o [1]
      .data            inited   0x1fff0438     0x8  main.o [1]
      .data            inited   0x1fff0440     0x8  main.o [1]
      .data            inited   0x1fff0448     0x8  adc.o [1]
      .data            inited   0x1fff0450     0xc  FTM.o [1]
      .data            inited   0x1fff045c    0x14  gpio.o [1]
      .data            inited   0x1fff0470    0x14  gpio.o [1]
      .data            inited   0x1fff0484    0x10  key.o [1]
      .data            inited   0x1fff0494     0x4  main.o [1]
      .data            inited   0x1fff0498     0x4  main.o [1]
      .data            inited   0x1fff049c     0x4  main.o [1]
      .data            inited   0x1fff04a0     0x4  main.o [1]
      .data            inited   0x1fff04a4     0x4  main.o [1]
      .data            inited   0x1fff04a8   0x8ac  main.o [1]
      .data            inited   0x1fff0d54   0x534  main.o [1]
      .data            inited   0x1fff1288   0x31c  main.o [1]
      .data            inited   0x1fff15a4     0x4  main.o [1]
      .data            inited   0x1fff15a8     0x8  mcg.o [1]
      .data            inited   0x1fff15b0    0x18  uart.o [1]
  CodeRelocateRam               0x1fff15c8    0x50  <Block>
    CodeRelocateRam-1           0x1fff15c8    0x50  <Init block>
      .textrw          inited   0x1fff15c8    0x50  mcg.o [1]
                              - 0x1fff1618  0x1208

"P2", part 2 of 2:                            0x7c
  .bss                          0x1fff1618    0x7c  <Block>
    .bss               zero     0x1fff1618     0x8  main.o [1]
    .bss               zero     0x1fff1620     0x8  main.o [1]
    .bss               zero     0x1fff1628    0x10  main.o [1]
    .bss               zero     0x1fff1638    0x10  adc.o [1]
    .bss               zero     0x1fff1648     0x4  FTM.o [1]
    .bss               zero     0x1fff164c     0x4  key.o [1]
    .bss               zero     0x1fff1650     0x4  main.o [1]
    .bss               zero     0x1fff1654     0x4  main.o [1]
    .bss               zero     0x1fff1658     0x4  main.o [1]
    .bss               zero     0x1fff165c     0x4  main.o [1]
    .bss               zero     0x1fff1660     0x4  main.o [1]
    .bss               zero     0x1fff1664     0x4  main.o [1]
    .bss               zero     0x1fff1668     0x4  main.o [1]
    .bss               zero     0x1fff166c     0x4  sysinit.o [1]
    .bss               zero     0x1fff1670     0x4  sysinit.o [1]
    .bss               zero     0x1fff1674     0x4  sysinit.o [1]
    .bss               zero     0x1fff1678     0x2  isr.o [1]
    .bss               zero     0x1fff167a     0x2  isr.o [1]
    .bss               zero     0x1fff167c     0x2  isr.o [1]
    .bss               zero     0x1fff167e     0x2  isr.o [1]
    .bss               zero     0x1fff1680     0x2  isr.o [1]
    .bss               zero     0x1fff1682     0x2  key.o [1]
    .bss               zero     0x1fff1684     0x1  isr.o [1]
    .bss               zero     0x1fff1685     0x1  isr.o [1]
    .bss               zero     0x1fff1686     0x1  isr.o [1]
    .bss               zero     0x1fff1687     0x1  isr.o [1]
    .bss               zero     0x1fff1688     0x1  isr.o [1]
    .bss               zero     0x1fff1689     0x1  isr.o [1]
    .bss               zero     0x1fff168a     0x1  isr.o [1]
    .bss               zero     0x1fff168b     0x1  isr.o [1]
    .bss               zero     0x1fff168c     0x1  isr.o [1]
    .bss               zero     0x1fff168d     0x1  isr.o [1]
    .bss               zero     0x1fff168e     0x1  key.o [1]
    .bss               zero     0x1fff168f     0x1  key.o [1]
    .bss               zero     0x1fff1690     0x1  key.o [1]
    .bss               zero     0x1fff1691     0x1  key.o [1]
    .bss               zero     0x1fff1692     0x1  key.o [1]
    .bss               zero     0x1fff1693     0x1  key.o [1]
                              - 0x1fff1694    0x7c


*******************************************************************************
*** INIT TABLE
***

          Address     Size
          -------     ----
Zero (__iar_zero_init3)
    1 destination range, total size 0x7c:
          0x1fff1618  0x7c



*******************************************************************************
*** MODULE SUMMARY
***

    Module                 ro code  rw code  ro data  rw data
    ------                 -------  -------  -------  -------
E:\IARProj\landzoK60OLED\build\fire_demo\Debug\Obj: [1]
    FTM.o                    1 384                60       16
    OLED.o                     900               552
    PIT.o                      112
    adc.o                      990                56       24
    arm_cm4.o                  316               116
    assert.o                    24                72
    crt0.o                      60
    gpio.o                     324                92       40
    io.o                        16
    isr.o                    1 076                72       20
    key.o                      928                16       28
    lptmr.o                     76
    main.o                   1 800             4 464    4 488
    mcg.o                      756       80       88        8
    printf.o                 1 430
    start.o                  1 312             1 176
    startup.o                  192
    stdlib.o                    32
    sysinit.o                   92                         12
    uart.o                     576                24       24
    vectors.o                   24             1 088
    wdog.o                      56
    ---------------------------------------------------------
    Total:                  12 476       80    7 876    4 660

command line: [2]
    ---------------------------------------------------------
    Total:

dl7M_tln.a: [3]
    exit.o                       4
    low_level_init.o             4
    ---------------------------------------------------------
    Total:                       8

m7M_tl.a: [4]
    DblAdd.o                   232
    DblCmpGe.o                  46
    DblCmpLe.o                  46
    DblDiv.o                   598
    DblMul.o                   418
    DblSub.o                   384
    DblToI32.o                  76
    I32ToDbl.o                  44
    ---------------------------------------------------------
    Total:                   1 844

rt7M_tl.a: [5]
    ABImemcpy_unaligned.o      118
    cexit.o                     10
    cmain.o                     26
    cstartup_M.o                12
    data_init.o                 40
    zero_init3.o                64
    ---------------------------------------------------------
    Total:                     270

shb_l.a: [6]
    exit.o                      20
    ---------------------------------------------------------
    Total:                      20

    Gaps                        18
    Linker created               8                16
-------------------------------------------------------------
    Grand Total:            14 644       80    7 892    4 660


*******************************************************************************
*** ENTRY LIST
***

Entry                      Address   Size  Type      Object
-----                      -------   ----  ----      ------
.bss$$Base              0x1fff1618          --   Gb  - Linker created -
.bss$$Limit             0x1fff1694          --   Gb  - Linker created -
.data$$Base             0x1fff0410          --   Gb  - Linker created -
.data$$Limit            0x1fff15c8          --   Gb  - Linker created -
.data_init$$Base        0x0000044c          --   Gb  - Linker created -
.data_init$$Limit       0x00001604          --   Gb  - Linker created -
.iar.init_table$$Base   0x00005380          --   Gb  - Linker created -
.iar.init_table$$Limit  0x00005390          --   Gb  - Linker created -
?main                   0x000054a5         Code  Gb  cmain.o [5]
ADCx                    0x1fff0448    0x8  Data  Gb  adc.o [1]
ASSERT_FAILED_STR       0x00005094   0x48  Data  Gb  assert.o [1]
Check_Key               0x00001fe1   0xd6  Code  Gb  key.o [1]
Check_Key::tmp1         0x1fff1692    0x1  Data  Lc  key.o [1]
Check_Key::tmp2         0x1fff1693    0x1  Data  Lc  key.o [1]
CodeRelocate$$Base      0x00005044          --   Gb  - Linker created -
CodeRelocate$$Limit     0x00005094          --   Gb  - Linker created -
CodeRelocateRam$$Base   0x1fff15c8          --   Gb  - Linker created -
CodeRelocateRam$$Limit  0x1fff1618          --   Gb  - Linker created -
DMA_CH0_Handler         0x00004d4f   0x22  Code  Gb  isr.o [1]
DMA_CH4_Handler         0x00004d27   0x28  Code  Gb  isr.o [1]
DMA_Over_Flg            0x1fff168c    0x1  Data  Gb  isr.o [1]
Dly_ms                  0x000022ed   0x3c  Code  Gb  OLED.o [1]
F6x8                    0x00004e1c  0x228  Data  Gb  OLED.o [1]
FTM0_Duty_Change        0x00003057   0x44  Code  Gb  FTM.o [1]
FTM0_Freq_Change        0x0000309b   0x40  Code  Gb  FTM.o [1]
FTM0_IRQHandler         0x00004ccf    0x2  Code  Gb  isr.o [1]
FTM0_Init               0x00002f09  0x14e  Code  Gb  FTM.o [1]
FTM1_IRQHandler         0x00004cd1   0x56  Code  Gb  isr.o [1]
FTM_Input_init          0x00002c05  0x304  Code  Gb  FTM.o [1]
FTMx                    0x1fff0450    0xc  Data  Gb  FTM.o [1]
GPIOx                   0x1fff045c   0x14  Data  Gb  gpio.o [1]
HardFault_Handler       0x00004ab3    0xc  Code  Gb  isr.o [1]
I0_present_max          0x1fff1620    0x8  Data  Gb  main.o [1]
I0_present_value        0x1fff0438    0x8  Data  Gb  main.o [1]
I0_sample               0x1fff1658    0x4  Data  Gb  main.o [1]
I0_sample_max           0x1fff1660    0x4  Data  Gb  main.o [1]
Init_Key_Port           0x00001f4d   0x94  Code  Gb  key.o [1]
Key_Event               0x000020b9  0x1c2  Code  Gb  key.o [1]
Ki_u                    0x1fff0420    0x8  Data  Gb  main.o [1]
Kp_u                    0x1fff0418    0x8  Data  Gb  main.o [1]
LPT_Handler             0x00004d71   0x18  Code  Gb  isr.o [1]
LPT_INT_count           0x1fff168d    0x1  Data  Gb  isr.o [1]
Master_Adc_Config       0x1fff1638   0x10  Data  Gb  adc.o [1]
OLED_DLY_ms             0x0000248f   0x1c  Code  Gb  OLED.o [1]
OLED_Fill               0x0000244f   0x40  Code  Gb  OLED.o [1]
OLED_Init               0x000024ab  0x13c  Code  Gb  OLED.o [1]
OLED_Light              0x00001757   0xf0  Code  Gb  main.o [1]
OLED_P6x8Str            0x000025e7   0x7c  Code  Gb  OLED.o [1]
OLED_Set_Pos            0x0000241f   0x30  Code  Gb  OLED.o [1]
OLED_WrCmd              0x000023a5   0x7a  Code  Gb  OLED.o [1]
OLED_WrDat              0x00002329   0x7c  Code  Gb  OLED.o [1]
PID                     0x1fff15a4    0x4  Data  Gb  main.o [1]
PID_flag                0x1fff1668    0x4  Data  Gb  main.o [1]
PIT0_IRQHandler         0x00004a21   0x8e  Code  Gb  isr.o [1]
PIT1_IRQHandler         0x00004a0d   0x12  Code  Gb  isr.o [1]
PIT2_IRQHandler         0x00004c29   0xa6  Code  Gb  isr.o [1]
PORTB_IRQHandler        0x00004bed   0x3c  Code  Gb  isr.o [1]
PORTD_IRQHandler        0x00004abf  0x12e  Code  Gb  isr.o [1]
PORTX                   0x1fff0470   0x14  Data  Gb  gpio.o [1]
PWM_Control             0x00001b17  0x122  Code  Gb  main.o [1]
PendSV_Handler          0x00004ab1    0x2  Code  Gb  isr.o [1]
Pot_Show                0x000019c5   0xa4  Code  Gb  main.o [1]
Power_Flag              0x1fff0498    0x4  Data  Gb  main.o [1]
Refresh_Key             0x00001847  0x12a  Code  Gb  main.o [1]
Refresh_Present         0x00001971   0x42  Code  Gb  main.o [1]
Region$$Table$$Base     0x00005380          --   Gb  - Linker created -
Region$$Table$$Limit    0x00005390          --   Gb  - Linker created -
Reset_Handler           0x00000411         Code  Gb  crt0.o [1]
SysTick_Handler         0x00004aaf    0x2  Code  Gb  isr.o [1]
TimeCount               0x1fff1678    0x2  Data  Gb  isr.o [1]
U0_present_max          0x1fff1618    0x8  Data  Gb  main.o [1]
U0_present_value        0x1fff0430    0x8  Data  Gb  main.o [1]
U0_sample               0x1fff1654    0x4  Data  Gb  main.o [1]
U0_sample_max           0x1fff165c    0x4  Data  Gb  main.o [1]
U2_present_value        0x1fff0440    0x8  Data  Gb  main.o [1]
UARTx                   0x1fff15b0   0x18  Data  Gb  uart.o [1]
USART1_IRQHandler       0x000049e9   0x24  Code  Gb  isr.o [1]
Voltage_Error           0x1fff1628   0x10  Data  Gb  main.o [1]
Voltage_PID             0x00001a71   0xa6  Code  Gb  main.o [1]
__BOOT_STACK_ADDRESS {Abs}
                        0x2000fff8         Data  Gb  command line/config [2]
__VECTOR_RAM {Abs}      0x1fff0000         Data  Gb  command line/config [2]
__VECTOR_TABLE {Abs}    0x00000000         Data  Gb  command line/config [2]
__aeabi_cdcmple         0x000036ad         Code  Gb  DblCmpLe.o [4]
__aeabi_cdrcmple        0x0000367d         Code  Gb  DblCmpGe.o [4]
__aeabi_d2iz            0x000036dd         Code  Gb  DblToI32.o [4]
__aeabi_dadd            0x00003595         Code  Gb  DblAdd.o [4]
__aeabi_ddiv            0x0000333d         Code  Gb  DblDiv.o [4]
__aeabi_dmul            0x00003199         Code  Gb  DblMul.o [4]
__aeabi_dsub            0x00003d39         Code  Gb  DblSub.o [4]
__aeabi_i2d             0x0000316d         Code  Gb  I32ToDbl.o [4]
__cmain                 0x000054a5         Code  Gb  cmain.o [5]
__code_start__ {Abs}    0x00000410         Data  Gb  command line/config [2]
__exit                  0x000054d5   0x14  Code  Gb  exit.o [6]
__iar_d2uiz             0x00003709         Code  Gb  DblToI32.o [4]
__iar_dadd              0x000035a9         Code  Gb  DblAdd.o [4]
__iar_data_init3        0x00005359   0x28  Code  Gb  data_init.o [5]
__iar_dsub              0x00003d4d         Code  Gb  DblSub.o [4]
__iar_dsubStart         0x00003d5f         Code  Gb  DblSub.o [4]
__iar_program_start     0x000057a5         Code  Gb  cstartup_M.o [5]
__iar_ui2d              0x00003181         Code  Gb  I32ToDbl.o [4]
__iar_unaligned___aeabi_memcpy
                        0x00003729         Code  Gb  ABImemcpy_unaligned.o [5]
__iar_unaligned___aeabi_memcpy4
                        0x00003749         Code  Gb  ABImemcpy_unaligned.o [5]
__iar_unaligned___aeabi_memcpy8
                        0x00003749         Code  Gb  ABImemcpy_unaligned.o [5]
__iar_zero_init3        0x00005165   0x40  Code  Gb  zero_init3.o [5]
__low_level_init        0x000054bf    0x4  Code  Gb  low_level_init.o [3]
__vector_table          0x00000000  0x410  Data  Gb  vectors.o [1]
_call_main              0x000054b1         Code  Gb  cmain.o [5]
_exit                   0x000054c9         Code  Gb  cexit.o [5]
_main                   0x000054bb         Code  Gb  cmain.o [5]
ad_mid                  0x00002a53   0xa6  Code  Gb  adc.o [1]
ad_once                 0x000029d5   0x7e  Code  Gb  adc.o [1]
adc_config_alt          0x00002b6d   0x26  Code  Lc  adc.o [1]
adc_init                0x000027b5  0x220  Code  Gb  adc.o [1]
adc_start               0x00002af9   0x48  Code  Gb  adc.o [1]
assert_failed           0x00003f05   0x18  Code  Gb  assert.o [1]
bus_clk_khz             0x1fff1674    0x4  Data  Gb  sysinit.o [1]
common_startup          0x000045d1   0xc0  Code  Gb  startup.o [1]
core_clk_khz            0x1fff166c    0x4  Data  Gb  sysinit.o [1]
core_clk_mhz            0x1fff1670    0x4  Data  Gb  sysinit.o [1]
count_sin               0x1fff1650    0x4  Data  Gb  main.o [1]
cpu_identify            0x000041a7  0x20a  Code  Gb  start.o [1]
data_sin_1              0x1fff04a8  0x8ac  Data  Gb  main.o [1]
data_sin_2              0x1fff0d54  0x534  Data  Gb  main.o [1]
data_sin_3              0x1fff1288  0x31c  Data  Gb  main.o [1]
default_isr             0x000055a9   0x18  Code  Gb  vectors.o [1]
disable_irq             0x00003fc3   0x64  Code  Gb  arm_cm4.o [1]
enable_irq              0x00003f23   0xa0  Code  Gb  arm_cm4.o [1]
exit                    0x000054c3    0x4  Code  Gb  exit.o [3]
f0_set                  0x1fff0428    0x8  Data  Gb  main.o [1]
flash_identify          0x000043b1   0xbe  Code  Gb  start.o [1]
gpio_get                0x00002781   0x26  Code  Gb  gpio.o [1]
gpio_init               0x00002671   0xb6  Code  Gb  gpio.o [1]
gpio_set                0x00002727   0x5a  Code  Gb  gpio.o [1]
group_id                0x1fff0494    0x4  Data  Gb  main.o [1]
input_val               0x1fff164c    0x4  Data  Gb  key.o [1]
key10cout               0x1fff167e    0x2  Data  Gb  isr.o [1]
key10flg                0x1fff1689    0x1  Data  Gb  isr.o [1]
key10start              0x1fff1688    0x1  Data  Gb  isr.o [1]
key11cout               0x1fff1680    0x2  Data  Gb  isr.o [1]
key11flg                0x1fff168b    0x1  Data  Gb  isr.o [1]
key11start              0x1fff168a    0x1  Data  Gb  isr.o [1]
key8cout                0x1fff167a    0x2  Data  Gb  isr.o [1]
key8flg                 0x1fff1685    0x1  Data  Gb  isr.o [1]
key8start               0x1fff1684    0x1  Data  Gb  isr.o [1]
key9cout                0x1fff167c    0x2  Data  Gb  isr.o [1]
key9flg                 0x1fff1687    0x1  Data  Gb  isr.o [1]
key9start               0x1fff1686    0x1  Data  Gb  isr.o [1]
key_Flag                0x1fff1690    0x1  Data  Gb  key.o [1]
key_Map                 0x1fff0484   0x10  Data  Gb  key.o [1]
key_Pressed             0x1fff168e    0x1  Data  Gb  key.o [1]
key_n                   0x1fff1682    0x2  Data  Gb  key.o [1]
key_val                 0x1fff168f    0x1  Data  Gb  key.o [1]
main                    0x00001605  0x152  Code  Gb  main.o [1]
mcg_div                 0x1fff15a8    0x8  Data  Gb  mcg.o [1]
mod                     0x1fff1648    0x4  Data  Gb  FTM.o [1]
out_char                0x00005759   0x10  Code  Gb  io.o [1]
pit_init                0x00002b95   0x62  Code  Gb  PIT.o [1]
pll_init                0x000046f5  0x2f4  Code  Gb  mcg.o [1]
pot_flag                0x1fff1691    0x1  Data  Gb  key.o [1]
printf                  0x00003cdb   0x26  Code  Gb  printf.o [1]
printk                  0x000038c9  0x412  Code  Gb  printf.o [1]
printk_mknumstr         0x000037d3   0xaa  Code  Lc  printf.o [1]
printk_pad_space        0x000038a3   0x26  Code  Lc  printf.o [1]
printk_pad_zero         0x0000387d   0x26  Code  Lc  printf.o [1]
printk_putc             0x000037a1   0x32  Code  Lc  printf.o [1]
pwm_duty                0x1fff049c    0x4  Data  Gb  main.o [1]
pwm_freq                0x1fff04a4    0x4  Data  Gb  main.o [1]
pwm_gain                0x1fff04a0    0x4  Data  Gb  main.o [1]
pwm_gain_temp           0x1fff0410    0x8  Data  Gb  main.o [1]
set_sys_dividers        0x1fff15c9   0x50  Code  Gb  mcg.o [1]
sprintf                 0x00003d05   0x32  Code  Gb  printf.o [1]
start                   0x00004079  0x12e  Code  Gb  start.o [1]
start_flag              0x1fff1664    0x4  Data  Gb  main.o [1]
strlen                  0x00004059   0x20  Code  Gb  stdlib.o [1]
sysinit                 0x00004691   0x48  Code  Gb  sysinit.o [1]
time_delay_ms           0x00003eb9   0x38  Code  Gb  lptmr.o [1]
uart_getchar            0x00001eb9   0x1a  Code  Gb  uart.o [1]
uart_init               0x00001d0d  0x1ac  Code  Gb  uart.o [1]
uart_putchar            0x00001ed3   0x1a  Code  Gb  uart.o [1]
uart_sendStr            0x00001eed   0x1c  Code  Gb  uart.o [1]
wdog_disable            0x00004599   0x16  Code  Gb  wdog.o [1]
wdog_unlock             0x000045b1   0x16  Code  Gb  wdog.o [1]
write_vtor              0x00003f1d    0x6  Code  Gb  arm_cm4.o [1]


[1] = E:\IARProj\landzoK60OLED\build\fire_demo\Debug\Obj
[2] = command line
[3] = dl7M_tln.a
[4] = m7M_tl.a
[5] = rt7M_tl.a
[6] = shb_l.a

  14 644 bytes of readonly  code memory
      80 bytes of readwrite code memory
   7 892 bytes of readonly  data memory
   4 660 bytes of readwrite data memory

Errors: none
Warnings: none
